Last login: Mon Nov 11 02:39:28 on ttys000
rajaniapple@Rajanis-MacBook-Pro ~ % sw_vers
ProductName:		macOS
ProductVersion:		15.1
BuildVersion:		24B83
rajaniapple@Rajanis-MacBook-Pro ~ % arch
arm64
rajaniapple@Rajanis-MacBook-Pro ~ % brew update
==> Updating Homebrew...
Already up-to-date.
rajaniapple@Rajanis-MacBook-Pro ~ % cd $HOME/Desktop/GitHub/Auxiliary-Add/WebAssembly
rajaniapple@Rajanis-MacBook-Pro WebAssembly % mkdir -p Rust
rajaniapple@Rajanis-MacBook-Pro WebAssembly % cd Rust
rajaniapple@Rajanis-MacBook-Pro Rust % cargo --version
cargo 1.82.0 (8f40fc59f 2024-08-21)
rajaniapple@Rajanis-MacBook-Pro Rust % cargo init
    Creating binary (application) package
warning: the name `Rust` is not snake_case or kebab-case which is recommended for package names, consider `rust`
note: see more `Cargo.toml` keys and their definitions at https://doc.rust-lang.org/cargo/reference/manifest.html
rajaniapple@Rajanis-MacBook-Pro Rust % nano Cargo.toml
rajaniapple@Rajanis-MacBook-Pro Rust % cat Cargo.toml
[package]
name = "rust"
version = "0.1.0"
edition = "2021"

[lib]
crate-type = ["cdylib"]

[dependencies]
wasm-bindgen = "0.2"
rajaniapple@Rajanis-MacBook-Pro Rust % ls src
main.rs
rajaniapple@Rajanis-MacBook-Pro Rust % cat src/main.rs 
fn main() {
    println!("Hello, world!");
}
rajaniapple@Rajanis-MacBook-Pro Rust % mv src/main.rs src/lib.rs
rajaniapple@Rajanis-MacBook-Pro Rust % ls src
lib.rs
rajaniapple@Rajanis-MacBook-Pro Rust % cat src/lib.rs
fn main() {
    println!("Hello, world!");
}
rajaniapple@Rajanis-MacBook-Pro Rust % nano src/lib.rs
rajaniapple@Rajanis-MacBook-Pro Rust % cat src/lib.rs
use wasm_bindgen::prelude::*;

// Comment #[wasm_bindgen] to export the function, callable from JavaScript
#[wasm_bindgen]
pub fn math(x: i32, y: i32) -> i32 {
  return x * y;
}
rajaniapple@Rajanis-MacBook-Pro Rust % wasm-pack --version
wasm-pack 0.13.1
rajaniapple@Rajanis-MacBook-Pro Rust % wasm-pack build --target web
[INFO]: 🎯  Checking for the Wasm target...
[INFO]: 🌀  Compiling to Wasm...
   Compiling proc-macro2 v1.0.89
   Compiling unicode-ident v1.0.13
   Compiling wasm-bindgen-shared v0.2.95
   Compiling log v0.4.22
   Compiling once_cell v1.20.2
   Compiling bumpalo v3.16.0
   Compiling wasm-bindgen v0.2.95
   Compiling cfg-if v1.0.0
   Compiling quote v1.0.37
   Compiling syn v2.0.87
   Compiling wasm-bindgen-backend v0.2.95
   Compiling wasm-bindgen-macro-support v0.2.95
   Compiling wasm-bindgen-macro v0.2.95
   Compiling rust v0.1.0 (/Users/rajaniapple/Desktop/GitHub/Auxiliary-Add/WebAssembly/Rust)
    Finished `release` profile [optimized] target(s) in 4.47s
[INFO]: ⬇️  Installing wasm-bindgen...
[INFO]: found wasm-opt at "/opt/homebrew/bin/wasm-opt"
[INFO]: Optimizing wasm binaries with `wasm-opt`...
[INFO]: Optional fields missing from Cargo.toml: 'description', 'repository', and 'license'. These are not necessary, but recommended
[INFO]: ✨   Done in 4.75s
[INFO]: 📦   Your wasm pkg is ready to publish at /Users/rajaniapple/Desktop/GitHub/Auxiliary-Add/WebAssembly/Rust/pkg.
rajaniapple@Rajanis-MacBook-Pro Rust % nano index.js
rajaniapple@Rajanis-MacBook-Pro Rust % cat index.js
import init from "./pkg/rust.js";

const wasmFunc = async () => {
  const module = await init("./pkg/rust_bg.wasm");

  const x = 5;
  const y = 7;
  const result = module.math(5, 7);

  document.body.innerHTML = `Browser: ${navigator.userAgent} <br\><br\> Math: ${x} x ${y} = ${result}`;
};

wasmFunc();
rajaniapple@Rajanis-MacBook-Pro Rust % nano index.html
rajaniapple@Rajanis-MacBook-Pro Rust % cat index.html
<!DOCTYPE html>
<html>
  <head>
    <meta charset="UTF-8" />
    <title>Rust WebAssembly</title>
    <script type="module" src="./index.js"></script>
  </head>
  <body></body>
</html>
rajaniapple@Rajanis-MacBook-Pro Rust % npm --version
10.9.0
rajaniapple@Rajanis-MacBook-Pro Rust % http-server -p 8000
Starting up http-server, serving ./

http-server version: 14.1.1

http-server settings: 
CORS: disabled
Cache: 3600 seconds
Connection Timeout: 120 seconds
Directory Listings: visible
AutoIndex: visible
Serve GZIP Files: false
Serve Brotli Files: false
Default File Extension: none

Available on:
  http://127.0.0.1:8000
  http://192.168.251.196:8000
Hit CTRL-C to stop the server

[Mon Nov 11 2024 02:49:14 GMT+0530 (India Standard Time)]  "GET /" "curl/8.7.1"
(node:22107) [DEP0066] DeprecationWarning: OutgoingMessage.prototype._headers is deprecated
(Use `node --trace-deprecation ...` to show where the warning was created)
[Mon Nov 11 2024 02:49:19 GMT+0530 (India Standard Time)]  "GET /" "Mozilla/5.0 (Macintosh; Intel Mac OS X 10_15_7) AppleWebKit/605.1.15 (KHTML, like Gecko) Version/18.1 Safari/605.1.15"
[Mon Nov 11 2024 02:49:19 GMT+0530 (India Standard Time)]  "GET /index.js" "Mozilla/5.0 (Macintosh; Intel Mac OS X 10_15_7) AppleWebKit/605.1.15 (KHTML, like Gecko) Version/18.1 Safari/605.1.15"
[Mon Nov 11 2024 02:49:19 GMT+0530 (India Standard Time)]  "GET /pkg/rust.js" "Mozilla/5.0 (Macintosh; Intel Mac OS X 10_15_7) AppleWebKit/605.1.15 (KHTML, like Gecko) Version/18.1 Safari/605.1.15"
[Mon Nov 11 2024 02:49:19 GMT+0530 (India Standard Time)]  "GET /pkg/rust_bg.wasm" "Mozilla/5.0 (Macintosh; Intel Mac OS X 10_15_7) AppleWebKit/605.1.15 (KHTML, like Gecko) Version/18.1 Safari/605.1.15"
[Mon Nov 11 2024 02:49:19 GMT+0530 (India Standard Time)]  "GET /favicon.ico" "Mozilla/5.0 (Macintosh; Intel Mac OS X 10_15_7) AppleWebKit/605.1.15 (KHTML, like Gecko) Version/18.1 Safari/605.1.15"
[Mon Nov 11 2024 02:49:19 GMT+0530 (India Standard Time)]  "GET /favicon.ico" Error (404): "Not found"
^Chttp-server stopped.
rajaniapple@Rajanis-MacBook-Pro Rust % python3 --version
Python 3.13.0
rajaniapple@Rajanis-MacBook-Pro Rust % python3 -m http.server 8000
Serving HTTP on :: port 8000 (http://[::]:8000/) ...
::ffff:127.0.0.1 - - [11/Nov/2024 02:50:21] "GET / HTTP/1.1" 200 -
^C
Keyboard interrupt received, exiting.
rajaniapple@Rajanis-MacBook-Pro Rust % 
