Last login: Mon Nov 11 05:12:56 on ttys000
rajaniapple@Rajanis-MacBook-Pro ~ % sw_vers                                            
ProductName:		macOS
ProductVersion:		15.1
BuildVersion:		24B83
rajaniapple@Rajanis-MacBook-Pro ~ % arch                                               
arm64
rajaniapple@Rajanis-MacBook-Pro ~ % brew update                                        
==> Updating Homebrew...
Already up-to-date.
rajaniapple@Rajanis-MacBook-Pro ~ % cd $HOME/Desktop/GitHub/Auxiliary-Add/WebAssembly  
rajaniapple@Rajanis-MacBook-Pro WebAssembly % dotnet --version
9.0.100-preview.7.24407.12
rajaniapple@Rajanis-MacBook-Pro WebAssembly % mkdir -p CS
rajaniapple@Rajanis-MacBook-Pro WebAssembly % cd CS
rajaniapple@Rajanis-MacBook-Pro CS % dotnet new console --name Wasm
The template "Console App" was created successfully.

Processing post-creation actions...
Restoring /Users/rajaniapple/Desktop/GitHub/Auxiliary-Add/WebAssembly/CS/Wasm/Wasm.csproj:
Restore succeeded.


rajaniapple@Rajanis-MacBook-Pro CS % cd Wasm
rajaniapple@Rajanis-MacBook-Pro Wasm % dotnet new sln -n Wasm
The template "Solution File" was created successfully.

rajaniapple@Rajanis-MacBook-Pro Wasm % dotnet sln Wasm.sln add Wasm.csproj
Project `Wasm.csproj` added to the solution.
rajaniapple@Rajanis-MacBook-Pro Wasm % dotnet run
Hello, World!
rajaniapple@Rajanis-MacBook-Pro Wasm % nano Wasm.csproj
rajaniapple@Rajanis-MacBook-Pro Wasm % cat Wasm.csproj
<Project Sdk="Microsoft.NET.Sdk.WebAssembly">
  <PropertyGroup>
    <TargetFramework>net9.0</TargetFramework>
    <AllowUnsafeBlocks>true</AllowUnsafeBlocks>
  </PropertyGroup>
</Project>
rajaniapple@Rajanis-MacBook-Pro Wasm % nano Program.cs
rajaniapple@Rajanis-MacBook-Pro Wasm % cat Program.cs
using System;
using System.Threading.Tasks;

internal class Program
{
    private static async Task Main()
    {
        int result = await Usage.Run(555, 777);
	Console.WriteLine($"CS Task Main() await = {result}");
    }
}
rajaniapple@Rajanis-MacBook-Pro Wasm % nano Interop.cs
rajaniapple@Rajanis-MacBook-Pro Wasm % cat Interop.cs
using System;
using System.Runtime.InteropServices.JavaScript;
using System.Threading.Tasks;

public partial class Interop
{
    [JSImport("math", "Shim")]
    [return: JSMarshalAs<JSType.Number>]
    public static partial int Math([JSMarshalAs<JSType.Number>] int x, [JSMarshalAs<JSType.Number>] int y);
}

public static partial class Usage
{
   [JSExport]
    public static async Task<int> Run(int x, int y)
    {
        await JSHost.ImportAsync("Shim", "/Shim.js");

	int result = Interop.Math(x, y);

	Console.WriteLine($"Math from CS loaded JS module: {x} * {y} = {result}");

	return result;
    }
}
rajaniapple@Rajanis-MacBook-Pro Wasm % mkdir -p wwwroot
rajaniapple@Rajanis-MacBook-Pro Wasm % ls wwwroot
rajaniapple@Rajanis-MacBook-Pro Wasm % nano wwwroot/main.js
rajaniapple@Rajanis-MacBook-Pro Wasm % cat wwwroot/main.js
import { dotnet } from './_framework/dotnet.js'

const { setModuleImports, getAssemblyExports, getConfig, runMain } = await dotnet
    .withApplicationArguments("start")
    .create();

const config = getConfig();
const exports = await getAssemblyExports(config.mainAssemblyName);

try  {
  const x = 5;
  const y = 7;
  const result = JSON.stringify(await exports.Usage.Run(x, y));

  document.body.innerHTML = `Browser: ${navigator.userAgent} <br\><br\> Math: ${x} x ${y} = ${result}`;
} catch(error) {
  console.error(error);
}

await dotnet.run();
rajaniapple@Rajanis-MacBook-Pro Wasm % nano wwwroot/Shim.js
rajaniapple@Rajanis-MacBook-Pro Wasm % cat wwwroot/Shim.js
export function math(x, y) {
  console.log(`Math from JavaScript: ${x} * ${y} = ${x + y}`);
  return (x * y);
}
rajaniapple@Rajanis-MacBook-Pro Wasm % nano wwwroot/index.html
rajaniapple@Rajanis-MacBook-Pro Wasm % cat wwwroot/index.html
<!DOCTYPE html>
<html>
  <head>
    <title>CS WebAssembly</title>
    <meta charset="UTF-8" />
    <meta name="viewport" content="width=device-width, initial-scale=1.0" />
    <title>CS WebAssembly</title>
    <script type="module" src="./main.js"></script>
  </head>
  <body></body>
</html>
rajaniapple@Rajanis-MacBook-Pro Wasm % wget https://www.google.com/favicon.ico --directory-prefix=wwwroot
--2024-11-11 05:19:26--  https://www.google.com/favicon.ico
Resolving www.google.com (www.google.com)... 2404:6800:4007:82c::2004, 142.250.195.100
Connecting to www.google.com (www.google.com)|2404:6800:4007:82c::2004|:443... connected.
HTTP request sent, awaiting response... 200 OK
Length: 5430 (5.3K) [image/x-icon]
Saving to: ‘wwwroot/favicon.ico’

favicon.ico                        100%[================================================================>]   5.30K  --.-KB/s    in 0.007s  

2024-11-11 05:19:27 (795 KB/s) - ‘wwwroot/favicon.ico’ saved [5430/5430]

rajaniapple@Rajanis-MacBook-Pro Wasm % ls wwwroot
Shim.js		favicon.ico	index.html	main.js
rajaniapple@Rajanis-MacBook-Pro Wasm % dotnet build
Restore complete (0.9s)
You are using a preview version of .NET. See: https://aka.ms/dotnet-support-policy
  Wasm succeeded with 2 warning(s) (1.6s) → bin/Debug/net9.0/Wasm.dll
    /Users/rajaniapple/Desktop/GitHub/Auxiliary-Add/WebAssembly/CS/Wasm/Interop.cs(14,5): warning CA1416: This call site is reachable on all platforms. 'JSExportAttribute' is only supported on: 'browser'. (https://learn.microsoft.com/dotnet/fundamentals/code-analysis/quality-rules/ca1416)
    /Users/rajaniapple/Desktop/GitHub/Auxiliary-Add/WebAssembly/CS/Wasm/Interop.cs(17,15): warning CA1416: This call site is reachable on all platforms. 'JSHost.ImportAsync(string, string, CancellationToken)' is only supported on: 'browser'. (https://learn.microsoft.com/dotnet/fundamentals/code-analysis/quality-rules/ca1416)

Build succeeded with 2 warning(s) in 2.6s
rajaniapple@Rajanis-MacBook-Pro Wasm % dotnet run
WasmAppHost --use-staticwebassets --runtime-config /Users/rajaniapple/Desktop/GitHub/Auxiliary-Add/WebAssembly/CS/Wasm/bin/Debug/net9.0/Wasm.runtimeconfig.json

App url: http://127.0.0.1:50594/
App url: https://127.0.0.1:50595/
Debug at url: http://127.0.0.1:50594/_framework/debug
Debug at url: https://127.0.0.1:50595/_framework/debug
^CApplication is shutting down...
rajaniapple@Rajanis-MacBook-Pro Wasm % dotnet clean
You are using a preview version of .NET. See: https://aka.ms/dotnet-support-policy

Build succeeded in 0.4s
rajaniapple@Rajanis-MacBook-Pro Wasm % dotnet build --configuration Release 
Restore complete (0.3s)
You are using a preview version of .NET. See: https://aka.ms/dotnet-support-policy
  Wasm succeeded with 2 warning(s) (1.3s) → bin/Release/net9.0/Wasm.dll
    /Users/rajaniapple/Desktop/GitHub/Auxiliary-Add/WebAssembly/CS/Wasm/Interop.cs(17,15): warning CA1416: This call site is reachable on all platforms. 'JSHost.ImportAsync(string, string, CancellationToken)' is only supported on: 'browser'. (https://learn.microsoft.com/dotnet/fundamentals/code-analysis/quality-rules/ca1416)
    /Users/rajaniapple/Desktop/GitHub/Auxiliary-Add/WebAssembly/CS/Wasm/Interop.cs(14,5): warning CA1416: This call site is reachable on all platforms. 'JSExportAttribute' is only supported on: 'browser'. (https://learn.microsoft.com/dotnet/fundamentals/code-analysis/quality-rules/ca1416)

Build succeeded with 2 warning(s) in 1.8s
rajaniapple@Rajanis-MacBook-Pro Wasm % cd ..
rajaniapple@Rajanis-MacBook-Pro CS % cp -r Wasm/bin/Release/net9.0 WasmRelease                                                             
rajaniapple@Rajanis-MacBook-Pro CS % cp Wasm/wwwroot/* WasmRelease/wwwroot
rajaniapple@Rajanis-MacBook-Pro CS % cp WasmRelease/wwwroot/_framework/blazor.boot.json WasmRelease/wwwroot
rajaniapple@Rajanis-MacBook-Pro CS % cd WasmRelease/wwwroot
rajaniapple@Rajanis-MacBook-Pro wwwroot % npm --version
10.9.0
rajaniapple@Rajanis-MacBook-Pro wwwroot % http-server -p 8000
Starting up http-server, serving ./

http-server version: 14.1.1

http-server settings: 
CORS: disabled
Cache: 3600 seconds
Connection Timeout: 120 seconds
Directory Listings: visible
AutoIndex: visible
Serve GZIP Files: false
Serve Brotli Files: false
Default File Extension: none

Available on:
  http://127.0.0.1:8000
  http://192.168.251.196:8000
Hit CTRL-C to stop the server

[Mon Nov 11 2024 05:26:00 GMT+0530 (India Standard Time)]  "GET /" "curl/8.7.1"
(node:30192) [DEP0066] DeprecationWarning: OutgoingMessage.prototype._headers is deprecated
(Use `node --trace-deprecation ...` to show where the warning was created)
[Mon Nov 11 2024 05:26:07 GMT+0530 (India Standard Time)]  "GET /" "Mozilla/5.0 (Macintosh; Intel Mac OS X 10_15_7) AppleWebKit/605.1.15 (KHTML, like Gecko) Version/18.1 Safari/605.1.15"
[Mon Nov 11 2024 05:26:07 GMT+0530 (India Standard Time)]  "GET /main.js" "Mozilla/5.0 (Macintosh; Intel Mac OS X 10_15_7) AppleWebKit/605.1.15 (KHTML, like Gecko) Version/18.1 Safari/605.1.15"
[Mon Nov 11 2024 05:26:07 GMT+0530 (India Standard Time)]  "GET /_framework/dotnet.js" "Mozilla/5.0 (Macintosh; Intel Mac OS X 10_15_7) AppleWebKit/605.1.15 (KHTML, like Gecko) Version/18.1 Safari/605.1.15"
[Mon Nov 11 2024 05:26:07 GMT+0530 (India Standard Time)]  "GET /_framework/blazor.boot.json" "Mozilla/5.0 (Macintosh; Intel Mac OS X 10_15_7) AppleWebKit/605.1.15 (KHTML, like Gecko) Version/18.1 Safari/605.1.15"
[Mon Nov 11 2024 05:26:07 GMT+0530 (India Standard Time)]  "GET /favicon.ico" "Mozilla/5.0 (Macintosh; Intel Mac OS X 10_15_7) AppleWebKit/605.1.15 (KHTML, like Gecko) Version/18.1 Safari/605.1.15"
[Mon Nov 11 2024 05:26:07 GMT+0530 (India Standard Time)]  "GET /_framework/dotnet.runtime.h6izlfp54g.js" "Mozilla/5.0 (Macintosh; Intel Mac OS X 10_15_7) AppleWebKit/605.1.15 (KHTML, like Gecko) Version/18.1 Safari/605.1.15"
[Mon Nov 11 2024 05:26:07 GMT+0530 (India Standard Time)]  "GET /_framework/dotnet.native.0fbbyz7uv3.js" "Mozilla/5.0 (Macintosh; Intel Mac OS X 10_15_7) AppleWebKit/605.1.15 (KHTML, like Gecko) Version/18.1 Safari/605.1.15"
[Mon Nov 11 2024 05:26:07 GMT+0530 (India Standard Time)]  "GET /_framework/dotnet.native.csd2k7t6tf.wasm" "Mozilla/5.0 (Macintosh; Intel Mac OS X 10_15_7) AppleWebKit/605.1.15 (KHTML, like Gecko) Version/18.1 Safari/605.1.15"
[Mon Nov 11 2024 05:26:07 GMT+0530 (India Standard Time)]  "GET /_framework/System.Runtime.InteropServices.JavaScript.81mu2ue34e.wasm" "Mozilla/5.0 (Macintosh; Intel Mac OS X 10_15_7) AppleWebKit/605.1.15 (KHTML, like Gecko) Version/18.1 Safari/605.1.15"
[Mon Nov 11 2024 05:26:07 GMT+0530 (India Standard Time)]  "GET /_framework/System.Private.CoreLib.260f1koe4w.wasm" "Mozilla/5.0 (Macintosh; Intel Mac OS X 10_15_7) AppleWebKit/605.1.15 (KHTML, like Gecko) Version/18.1 Safari/605.1.15"
[Mon Nov 11 2024 05:26:07 GMT+0530 (India Standard Time)]  "GET /_framework/Microsoft.CSharp.16wq3dn6m6.wasm" "Mozilla/5.0 (Macintosh; Intel Mac OS X 10_15_7) AppleWebKit/605.1.15 (KHTML, like Gecko) Version/18.1 Safari/605.1.15"
[Mon Nov 11 2024 05:26:07 GMT+0530 (India Standard Time)]  "GET /_framework/Microsoft.VisualBasic.Core.957mncgo3j.wasm" "Mozilla/5.0 (Macintosh; Intel Mac OS X 10_15_7) AppleWebKit/605.1.15 (KHTML, like Gecko) Version/18.1 Safari/605.1.15"
[Mon Nov 11 2024 05:26:07 GMT+0530 (India Standard Time)]  "GET /_framework/Microsoft.VisualBasic.lkj0j9821g.wasm" "Mozilla/5.0 (Macintosh; Intel Mac OS X 10_15_7) AppleWebKit/605.1.15 (KHTML, like Gecko) Version/18.1 Safari/605.1.15"
[Mon Nov 11 2024 05:26:07 GMT+0530 (India Standard Time)]  "GET /_framework/Microsoft.Win32.Primitives.6ucriqtn57.wasm" "Mozilla/5.0 (Macintosh; Intel Mac OS X 10_15_7) AppleWebKit/605.1.15 (KHTML, like Gecko) Version/18.1 Safari/605.1.15"
[Mon Nov 11 2024 05:26:07 GMT+0530 (India Standard Time)]  "GET /_framework/Microsoft.Win32.Registry.4cq0sy6pju.wasm" "Mozilla/5.0 (Macintosh; Intel Mac OS X 10_15_7) AppleWebKit/605.1.15 (KHTML, like Gecko) Version/18.1 Safari/605.1.15"
[Mon Nov 11 2024 05:26:07 GMT+0530 (India Standard Time)]  "GET /_framework/System.AppContext.wjggkrjcdz.wasm" "Mozilla/5.0 (Macintosh; Intel Mac OS X 10_15_7) AppleWebKit/605.1.15 (KHTML, like Gecko) Version/18.1 Safari/605.1.15"
[Mon Nov 11 2024 05:26:07 GMT+0530 (India Standard Time)]  "GET /_framework/System.Buffers.qxif0lplfr.wasm" "Mozilla/5.0 (Macintosh; Intel Mac OS X 10_15_7) AppleWebKit/605.1.15 (KHTML, like Gecko) Version/18.1 Safari/605.1.15"
[Mon Nov 11 2024 05:26:07 GMT+0530 (India Standard Time)]  "GET /_framework/System.Collections.Concurrent.41bm8l2nrh.wasm" "Mozilla/5.0 (Macintosh; Intel Mac OS X 10_15_7) AppleWebKit/605.1.15 (KHTML, like Gecko) Version/18.1 Safari/605.1.15"
[Mon Nov 11 2024 05:26:07 GMT+0530 (India Standard Time)]  "GET /_framework/System.Collections.Immutable.7yd7h2opyh.wasm" "Mozilla/5.0 (Macintosh; Intel Mac OS X 10_15_7) AppleWebKit/605.1.15 (KHTML, like Gecko) Version/18.1 Safari/605.1.15"
[Mon Nov 11 2024 05:26:07 GMT+0530 (India Standard Time)]  "GET /_framework/System.Collections.NonGeneric.s1mfw7otck.wasm" "Mozilla/5.0 (Macintosh; Intel Mac OS X 10_15_7) AppleWebKit/605.1.15 (KHTML, like Gecko) Version/18.1 Safari/605.1.15"
[Mon Nov 11 2024 05:26:07 GMT+0530 (India Standard Time)]  "GET /_framework/System.Collections.Specialized.g63mndhow6.wasm" "Mozilla/5.0 (Macintosh; Intel Mac OS X 10_15_7) AppleWebKit/605.1.15 (KHTML, like Gecko) Version/18.1 Safari/605.1.15"
[Mon Nov 11 2024 05:26:07 GMT+0530 (India Standard Time)]  "GET /_framework/System.Collections.rkpgtdwhpo.wasm" "Mozilla/5.0 (Macintosh; Intel Mac OS X 10_15_7) AppleWebKit/605.1.15 (KHTML, like Gecko) Version/18.1 Safari/605.1.15"
[Mon Nov 11 2024 05:26:07 GMT+0530 (India Standard Time)]  "GET /_framework/System.ComponentModel.Annotations.9m91oxpmja.wasm" "Mozilla/5.0 (Macintosh; Intel Mac OS X 10_15_7) AppleWebKit/605.1.15 (KHTML, like Gecko) Version/18.1 Safari/605.1.15"
[Mon Nov 11 2024 05:26:07 GMT+0530 (India Standard Time)]  "GET /_framework/System.ComponentModel.DataAnnotations.ux4fjhznj0.wasm" "Mozilla/5.0 (Macintosh; Intel Mac OS X 10_15_7) AppleWebKit/605.1.15 (KHTML, like Gecko) Version/18.1 Safari/605.1.15"
[Mon Nov 11 2024 05:26:07 GMT+0530 (India Standard Time)]  "GET /_framework/System.ComponentModel.EventBasedAsync.b5o28wkg4f.wasm" "Mozilla/5.0 (Macintosh; Intel Mac OS X 10_15_7) AppleWebKit/605.1.15 (KHTML, like Gecko) Version/18.1 Safari/605.1.15"
[Mon Nov 11 2024 05:26:07 GMT+0530 (India Standard Time)]  "GET /_framework/System.ComponentModel.Primitives.1629qnt680.wasm" "Mozilla/5.0 (Macintosh; Intel Mac OS X 10_15_7) AppleWebKit/605.1.15 (KHTML, like Gecko) Version/18.1 Safari/605.1.15"
[Mon Nov 11 2024 05:26:07 GMT+0530 (India Standard Time)]  "GET /_framework/System.ComponentModel.TypeConverter.476rhnh44o.wasm" "Mozilla/5.0 (Macintosh; Intel Mac OS X 10_15_7) AppleWebKit/605.1.15 (KHTML, like Gecko) Version/18.1 Safari/605.1.15"
[Mon Nov 11 2024 05:26:07 GMT+0530 (India Standard Time)]  "GET /_framework/System.ComponentModel.2xceumucs1.wasm" "Mozilla/5.0 (Macintosh; Intel Mac OS X 10_15_7) AppleWebKit/605.1.15 (KHTML, like Gecko) Version/18.1 Safari/605.1.15"
[Mon Nov 11 2024 05:26:07 GMT+0530 (India Standard Time)]  "GET /_framework/System.Configuration.djc30hkqra.wasm" "Mozilla/5.0 (Macintosh; Intel Mac OS X 10_15_7) AppleWebKit/605.1.15 (KHTML, like Gecko) Version/18.1 Safari/605.1.15"
[Mon Nov 11 2024 05:26:07 GMT+0530 (India Standard Time)]  "GET /_framework/System.Console.9o6w9dqubj.wasm" "Mozilla/5.0 (Macintosh; Intel Mac OS X 10_15_7) AppleWebKit/605.1.15 (KHTML, like Gecko) Version/18.1 Safari/605.1.15"
[Mon Nov 11 2024 05:26:07 GMT+0530 (India Standard Time)]  "GET /_framework/System.Core.897zprnzef.wasm" "Mozilla/5.0 (Macintosh; Intel Mac OS X 10_15_7) AppleWebKit/605.1.15 (KHTML, like Gecko) Version/18.1 Safari/605.1.15"
[Mon Nov 11 2024 05:26:07 GMT+0530 (India Standard Time)]  "GET /_framework/System.Data.Common.0qycsssroq.wasm" "Mozilla/5.0 (Macintosh; Intel Mac OS X 10_15_7) AppleWebKit/605.1.15 (KHTML, like Gecko) Version/18.1 Safari/605.1.15"
[Mon Nov 11 2024 05:26:07 GMT+0530 (India Standard Time)]  "GET /_framework/System.Data.DataSetExtensions.n74z2m2kxz.wasm" "Mozilla/5.0 (Macintosh; Intel Mac OS X 10_15_7) AppleWebKit/605.1.15 (KHTML, like Gecko) Version/18.1 Safari/605.1.15"
[Mon Nov 11 2024 05:26:07 GMT+0530 (India Standard Time)]  "GET /_framework/System.Data.fy0beduhai.wasm" "Mozilla/5.0 (Macintosh; Intel Mac OS X 10_15_7) AppleWebKit/605.1.15 (KHTML, like Gecko) Version/18.1 Safari/605.1.15"
[Mon Nov 11 2024 05:26:07 GMT+0530 (India Standard Time)]  "GET /_framework/System.Diagnostics.Contracts.1pkc3bfujc.wasm" "Mozilla/5.0 (Macintosh; Intel Mac OS X 10_15_7) AppleWebKit/605.1.15 (KHTML, like Gecko) Version/18.1 Safari/605.1.15"
[Mon Nov 11 2024 05:26:07 GMT+0530 (India Standard Time)]  "GET /_framework/System.Diagnostics.Debug.oyvc877kn7.wasm" "Mozilla/5.0 (Macintosh; Intel Mac OS X 10_15_7) AppleWebKit/605.1.15 (KHTML, like Gecko) Version/18.1 Safari/605.1.15"
[Mon Nov 11 2024 05:26:07 GMT+0530 (India Standard Time)]  "GET /_framework/System.Diagnostics.DiagnosticSource.tijidut9b5.wasm" "Mozilla/5.0 (Macintosh; Intel Mac OS X 10_15_7) AppleWebKit/605.1.15 (KHTML, like Gecko) Version/18.1 Safari/605.1.15"
[Mon Nov 11 2024 05:26:07 GMT+0530 (India Standard Time)]  "GET /_framework/System.Diagnostics.FileVersionInfo.ukp3ff2hiw.wasm" "Mozilla/5.0 (Macintosh; Intel Mac OS X 10_15_7) AppleWebKit/605.1.15 (KHTML, like Gecko) Version/18.1 Safari/605.1.15"
[Mon Nov 11 2024 05:26:07 GMT+0530 (India Standard Time)]  "GET /_framework/System.Diagnostics.Process.1l8xt8pltq.wasm" "Mozilla/5.0 (Macintosh; Intel Mac OS X 10_15_7) AppleWebKit/605.1.15 (KHTML, like Gecko) Version/18.1 Safari/605.1.15"
[Mon Nov 11 2024 05:26:07 GMT+0530 (India Standard Time)]  "GET /_framework/System.Diagnostics.StackTrace.9k4psq1man.wasm" "Mozilla/5.0 (Macintosh; Intel Mac OS X 10_15_7) AppleWebKit/605.1.15 (KHTML, like Gecko) Version/18.1 Safari/605.1.15"
[Mon Nov 11 2024 05:26:07 GMT+0530 (India Standard Time)]  "GET /_framework/System.Diagnostics.TextWriterTraceListener.3s5u54qrhw.wasm" "Mozilla/5.0 (Macintosh; Intel Mac OS X 10_15_7) AppleWebKit/605.1.15 (KHTML, like Gecko) Version/18.1 Safari/605.1.15"
[Mon Nov 11 2024 05:26:07 GMT+0530 (India Standard Time)]  "GET /_framework/System.Diagnostics.Tools.qinbl8f86p.wasm" "Mozilla/5.0 (Macintosh; Intel Mac OS X 10_15_7) AppleWebKit/605.1.15 (KHTML, like Gecko) Version/18.1 Safari/605.1.15"
[Mon Nov 11 2024 05:26:07 GMT+0530 (India Standard Time)]  "GET /_framework/System.Diagnostics.TraceSource.vc60zxnx9i.wasm" "Mozilla/5.0 (Macintosh; Intel Mac OS X 10_15_7) AppleWebKit/605.1.15 (KHTML, like Gecko) Version/18.1 Safari/605.1.15"
[Mon Nov 11 2024 05:26:07 GMT+0530 (India Standard Time)]  "GET /_framework/System.Diagnostics.Tracing.qjfvqe7ovi.wasm" "Mozilla/5.0 (Macintosh; Intel Mac OS X 10_15_7) AppleWebKit/605.1.15 (KHTML, like Gecko) Version/18.1 Safari/605.1.15"
[Mon Nov 11 2024 05:26:07 GMT+0530 (India Standard Time)]  "GET /_framework/System.Drawing.Primitives.i6c60479yi.wasm" "Mozilla/5.0 (Macintosh; Intel Mac OS X 10_15_7) AppleWebKit/605.1.15 (KHTML, like Gecko) Version/18.1 Safari/605.1.15"
[Mon Nov 11 2024 05:26:07 GMT+0530 (India Standard Time)]  "GET /_framework/System.Drawing.oewb08hsw5.wasm" "Mozilla/5.0 (Macintosh; Intel Mac OS X 10_15_7) AppleWebKit/605.1.15 (KHTML, like Gecko) Version/18.1 Safari/605.1.15"
[Mon Nov 11 2024 05:26:07 GMT+0530 (India Standard Time)]  "GET /_framework/System.Dynamic.Runtime.ur648jn21s.wasm" "Mozilla/5.0 (Macintosh; Intel Mac OS X 10_15_7) AppleWebKit/605.1.15 (KHTML, like Gecko) Version/18.1 Safari/605.1.15"
[Mon Nov 11 2024 05:26:07 GMT+0530 (India Standard Time)]  "GET /_framework/System.Formats.Asn1.4euhz40qm4.wasm" "Mozilla/5.0 (Macintosh; Intel Mac OS X 10_15_7) AppleWebKit/605.1.15 (KHTML, like Gecko) Version/18.1 Safari/605.1.15"
[Mon Nov 11 2024 05:26:07 GMT+0530 (India Standard Time)]  "GET /_framework/System.Formats.Tar.gffl7n4xwu.wasm" "Mozilla/5.0 (Macintosh; Intel Mac OS X 10_15_7) AppleWebKit/605.1.15 (KHTML, like Gecko) Version/18.1 Safari/605.1.15"
[Mon Nov 11 2024 05:26:07 GMT+0530 (India Standard Time)]  "GET /_framework/System.Globalization.Calendars.nfvmrjid1g.wasm" "Mozilla/5.0 (Macintosh; Intel Mac OS X 10_15_7) AppleWebKit/605.1.15 (KHTML, like Gecko) Version/18.1 Safari/605.1.15"
[Mon Nov 11 2024 05:26:07 GMT+0530 (India Standard Time)]  "GET /_framework/System.Globalization.Extensions.yqqlhs6e65.wasm" "Mozilla/5.0 (Macintosh; Intel Mac OS X 10_15_7) AppleWebKit/605.1.15 (KHTML, like Gecko) Version/18.1 Safari/605.1.15"
[Mon Nov 11 2024 05:26:07 GMT+0530 (India Standard Time)]  "GET /_framework/System.Globalization.y114y1fsu5.wasm" "Mozilla/5.0 (Macintosh; Intel Mac OS X 10_15_7) AppleWebKit/605.1.15 (KHTML, like Gecko) Version/18.1 Safari/605.1.15"
[Mon Nov 11 2024 05:26:07 GMT+0530 (India Standard Time)]  "GET /_framework/System.IO.Compression.Brotli.77m4tf6lnl.wasm" "Mozilla/5.0 (Macintosh; Intel Mac OS X 10_15_7) AppleWebKit/605.1.15 (KHTML, like Gecko) Version/18.1 Safari/605.1.15"
[Mon Nov 11 2024 05:26:07 GMT+0530 (India Standard Time)]  "GET /_framework/System.IO.Compression.FileSystem.yef1ak2k8b.wasm" "Mozilla/5.0 (Macintosh; Intel Mac OS X 10_15_7) AppleWebKit/605.1.15 (KHTML, like Gecko) Version/18.1 Safari/605.1.15"
[Mon Nov 11 2024 05:26:07 GMT+0530 (India Standard Time)]  "GET /_framework/System.IO.Compression.ZipFile.sgegssqou3.wasm" "Mozilla/5.0 (Macintosh; Intel Mac OS X 10_15_7) AppleWebKit/605.1.15 (KHTML, like Gecko) Version/18.1 Safari/605.1.15"
[Mon Nov 11 2024 05:26:07 GMT+0530 (India Standard Time)]  "GET /_framework/System.IO.Compression.mzfyiz7fl6.wasm" "Mozilla/5.0 (Macintosh; Intel Mac OS X 10_15_7) AppleWebKit/605.1.15 (KHTML, like Gecko) Version/18.1 Safari/605.1.15"
[Mon Nov 11 2024 05:26:07 GMT+0530 (India Standard Time)]  "GET /_framework/System.IO.FileSystem.AccessControl.q2e3lvcd97.wasm" "Mozilla/5.0 (Macintosh; Intel Mac OS X 10_15_7) AppleWebKit/605.1.15 (KHTML, like Gecko) Version/18.1 Safari/605.1.15"
[Mon Nov 11 2024 05:26:07 GMT+0530 (India Standard Time)]  "GET /_framework/System.IO.FileSystem.DriveInfo.fzl46jehhr.wasm" "Mozilla/5.0 (Macintosh; Intel Mac OS X 10_15_7) AppleWebKit/605.1.15 (KHTML, like Gecko) Version/18.1 Safari/605.1.15"
[Mon Nov 11 2024 05:26:07 GMT+0530 (India Standard Time)]  "GET /_framework/System.IO.FileSystem.Primitives.bluloecgku.wasm" "Mozilla/5.0 (Macintosh; Intel Mac OS X 10_15_7) AppleWebKit/605.1.15 (KHTML, like Gecko) Version/18.1 Safari/605.1.15"
[Mon Nov 11 2024 05:26:07 GMT+0530 (India Standard Time)]  "GET /_framework/System.IO.FileSystem.Watcher.3q240xoxyg.wasm" "Mozilla/5.0 (Macintosh; Intel Mac OS X 10_15_7) AppleWebKit/605.1.15 (KHTML, like Gecko) Version/18.1 Safari/605.1.15"
[Mon Nov 11 2024 05:26:07 GMT+0530 (India Standard Time)]  "GET /_framework/System.IO.FileSystem.nkmts6qdzc.wasm" "Mozilla/5.0 (Macintosh; Intel Mac OS X 10_15_7) AppleWebKit/605.1.15 (KHTML, like Gecko) Version/18.1 Safari/605.1.15"
[Mon Nov 11 2024 05:26:07 GMT+0530 (India Standard Time)]  "GET /_framework/System.IO.IsolatedStorage.g44r170pnd.wasm" "Mozilla/5.0 (Macintosh; Intel Mac OS X 10_15_7) AppleWebKit/605.1.15 (KHTML, like Gecko) Version/18.1 Safari/605.1.15"
[Mon Nov 11 2024 05:26:07 GMT+0530 (India Standard Time)]  "GET /_framework/System.IO.MemoryMappedFiles.u9kz3t57ly.wasm" "Mozilla/5.0 (Macintosh; Intel Mac OS X 10_15_7) AppleWebKit/605.1.15 (KHTML, like Gecko) Version/18.1 Safari/605.1.15"
[Mon Nov 11 2024 05:26:07 GMT+0530 (India Standard Time)]  "GET /_framework/System.IO.Pipelines.18jbya60ef.wasm" "Mozilla/5.0 (Macintosh; Intel Mac OS X 10_15_7) AppleWebKit/605.1.15 (KHTML, like Gecko) Version/18.1 Safari/605.1.15"
[Mon Nov 11 2024 05:26:07 GMT+0530 (India Standard Time)]  "GET /_framework/System.IO.Pipes.AccessControl.uceqrd9akn.wasm" "Mozilla/5.0 (Macintosh; Intel Mac OS X 10_15_7) AppleWebKit/605.1.15 (KHTML, like Gecko) Version/18.1 Safari/605.1.15"
[Mon Nov 11 2024 05:26:07 GMT+0530 (India Standard Time)]  "GET /_framework/System.IO.Pipes.gvu2poo3dw.wasm" "Mozilla/5.0 (Macintosh; Intel Mac OS X 10_15_7) AppleWebKit/605.1.15 (KHTML, like Gecko) Version/18.1 Safari/605.1.15"
[Mon Nov 11 2024 05:26:07 GMT+0530 (India Standard Time)]  "GET /_framework/System.IO.UnmanagedMemoryStream.msgphx5z3o.wasm" "Mozilla/5.0 (Macintosh; Intel Mac OS X 10_15_7) AppleWebKit/605.1.15 (KHTML, like Gecko) Version/18.1 Safari/605.1.15"
[Mon Nov 11 2024 05:26:07 GMT+0530 (India Standard Time)]  "GET /_framework/System.IO.h4llw12btc.wasm" "Mozilla/5.0 (Macintosh; Intel Mac OS X 10_15_7) AppleWebKit/605.1.15 (KHTML, like Gecko) Version/18.1 Safari/605.1.15"
[Mon Nov 11 2024 05:26:07 GMT+0530 (India Standard Time)]  "GET /_framework/System.Linq.Expressions.uigc577oxj.wasm" "Mozilla/5.0 (Macintosh; Intel Mac OS X 10_15_7) AppleWebKit/605.1.15 (KHTML, like Gecko) Version/18.1 Safari/605.1.15"
[Mon Nov 11 2024 05:26:07 GMT+0530 (India Standard Time)]  "GET /_framework/System.Linq.Parallel.3q8cjvcv28.wasm" "Mozilla/5.0 (Macintosh; Intel Mac OS X 10_15_7) AppleWebKit/605.1.15 (KHTML, like Gecko) Version/18.1 Safari/605.1.15"
[Mon Nov 11 2024 05:26:07 GMT+0530 (India Standard Time)]  "GET /_framework/System.Linq.Queryable.hrmgegy2no.wasm" "Mozilla/5.0 (Macintosh; Intel Mac OS X 10_15_7) AppleWebKit/605.1.15 (KHTML, like Gecko) Version/18.1 Safari/605.1.15"
[Mon Nov 11 2024 05:26:07 GMT+0530 (India Standard Time)]  "GET /_framework/System.Linq.ygwqgp8t2z.wasm" "Mozilla/5.0 (Macintosh; Intel Mac OS X 10_15_7) AppleWebKit/605.1.15 (KHTML, like Gecko) Version/18.1 Safari/605.1.15"
[Mon Nov 11 2024 05:26:07 GMT+0530 (India Standard Time)]  "GET /_framework/System.Memory.oxl1b6fsf1.wasm" "Mozilla/5.0 (Macintosh; Intel Mac OS X 10_15_7) AppleWebKit/605.1.15 (KHTML, like Gecko) Version/18.1 Safari/605.1.15"
[Mon Nov 11 2024 05:26:07 GMT+0530 (India Standard Time)]  "GET /_framework/System.Net.Http.Json.sa48txmfog.wasm" "Mozilla/5.0 (Macintosh; Intel Mac OS X 10_15_7) AppleWebKit/605.1.15 (KHTML, like Gecko) Version/18.1 Safari/605.1.15"
[Mon Nov 11 2024 05:26:07 GMT+0530 (India Standard Time)]  "GET /_framework/System.Net.Http.n4pr0ic08w.wasm" "Mozilla/5.0 (Macintosh; Intel Mac OS X 10_15_7) AppleWebKit/605.1.15 (KHTML, like Gecko) Version/18.1 Safari/605.1.15"
[Mon Nov 11 2024 05:26:07 GMT+0530 (India Standard Time)]  "GET /_framework/System.Net.HttpListener.ihqbimnfeg.wasm" "Mozilla/5.0 (Macintosh; Intel Mac OS X 10_15_7) AppleWebKit/605.1.15 (KHTML, like Gecko) Version/18.1 Safari/605.1.15"
[Mon Nov 11 2024 05:26:07 GMT+0530 (India Standard Time)]  "GET /_framework/System.Net.Mail.tlnu5zqcwn.wasm" "Mozilla/5.0 (Macintosh; Intel Mac OS X 10_15_7) AppleWebKit/605.1.15 (KHTML, like Gecko) Version/18.1 Safari/605.1.15"
[Mon Nov 11 2024 05:26:07 GMT+0530 (India Standard Time)]  "GET /_framework/System.Net.NameResolution.hi9adgtnl0.wasm" "Mozilla/5.0 (Macintosh; Intel Mac OS X 10_15_7) AppleWebKit/605.1.15 (KHTML, like Gecko) Version/18.1 Safari/605.1.15"
[Mon Nov 11 2024 05:26:07 GMT+0530 (India Standard Time)]  "GET /_framework/System.Net.NetworkInformation.0r8h86xh8h.wasm" "Mozilla/5.0 (Macintosh; Intel Mac OS X 10_15_7) AppleWebKit/605.1.15 (KHTML, like Gecko) Version/18.1 Safari/605.1.15"
[Mon Nov 11 2024 05:26:07 GMT+0530 (India Standard Time)]  "GET /_framework/System.Net.Ping.9kwjfmvg2x.wasm" "Mozilla/5.0 (Macintosh; Intel Mac OS X 10_15_7) AppleWebKit/605.1.15 (KHTML, like Gecko) Version/18.1 Safari/605.1.15"
[Mon Nov 11 2024 05:26:07 GMT+0530 (India Standard Time)]  "GET /_framework/System.Net.Primitives.lftwbzixfp.wasm" "Mozilla/5.0 (Macintosh; Intel Mac OS X 10_15_7) AppleWebKit/605.1.15 (KHTML, like Gecko) Version/18.1 Safari/605.1.15"
[Mon Nov 11 2024 05:26:07 GMT+0530 (India Standard Time)]  "GET /_framework/System.Net.Quic.z6z35bscxs.wasm" "Mozilla/5.0 (Macintosh; Intel Mac OS X 10_15_7) AppleWebKit/605.1.15 (KHTML, like Gecko) Version/18.1 Safari/605.1.15"
[Mon Nov 11 2024 05:26:07 GMT+0530 (India Standard Time)]  "GET /_framework/System.Net.Requests.8v7s6oprzp.wasm" "Mozilla/5.0 (Macintosh; Intel Mac OS X 10_15_7) AppleWebKit/605.1.15 (KHTML, like Gecko) Version/18.1 Safari/605.1.15"
[Mon Nov 11 2024 05:26:07 GMT+0530 (India Standard Time)]  "GET /_framework/System.Net.Security.k3nwbrkdjk.wasm" "Mozilla/5.0 (Macintosh; Intel Mac OS X 10_15_7) AppleWebKit/605.1.15 (KHTML, like Gecko) Version/18.1 Safari/605.1.15"
[Mon Nov 11 2024 05:26:07 GMT+0530 (India Standard Time)]  "GET /_framework/System.Net.ServicePoint.tnbxmhn2d7.wasm" "Mozilla/5.0 (Macintosh; Intel Mac OS X 10_15_7) AppleWebKit/605.1.15 (KHTML, like Gecko) Version/18.1 Safari/605.1.15"
[Mon Nov 11 2024 05:26:07 GMT+0530 (India Standard Time)]  "GET /_framework/System.Net.Sockets.6pc0l2xxlq.wasm" "Mozilla/5.0 (Macintosh; Intel Mac OS X 10_15_7) AppleWebKit/605.1.15 (KHTML, like Gecko) Version/18.1 Safari/605.1.15"
[Mon Nov 11 2024 05:26:07 GMT+0530 (India Standard Time)]  "GET /_framework/System.Net.WebClient.kznhbzqxk0.wasm" "Mozilla/5.0 (Macintosh; Intel Mac OS X 10_15_7) AppleWebKit/605.1.15 (KHTML, like Gecko) Version/18.1 Safari/605.1.15"
[Mon Nov 11 2024 05:26:07 GMT+0530 (India Standard Time)]  "GET /_framework/System.Net.WebHeaderCollection.u0p0mzmszr.wasm" "Mozilla/5.0 (Macintosh; Intel Mac OS X 10_15_7) AppleWebKit/605.1.15 (KHTML, like Gecko) Version/18.1 Safari/605.1.15"
[Mon Nov 11 2024 05:26:07 GMT+0530 (India Standard Time)]  "GET /_framework/System.Net.WebProxy.ksyxevxlhe.wasm" "Mozilla/5.0 (Macintosh; Intel Mac OS X 10_15_7) AppleWebKit/605.1.15 (KHTML, like Gecko) Version/18.1 Safari/605.1.15"
[Mon Nov 11 2024 05:26:07 GMT+0530 (India Standard Time)]  "GET /_framework/System.Net.WebSockets.Client.k0h375mn5s.wasm" "Mozilla/5.0 (Macintosh; Intel Mac OS X 10_15_7) AppleWebKit/605.1.15 (KHTML, like Gecko) Version/18.1 Safari/605.1.15"
[Mon Nov 11 2024 05:26:07 GMT+0530 (India Standard Time)]  "GET /_framework/System.Net.WebSockets.v6w1ivf3ds.wasm" "Mozilla/5.0 (Macintosh; Intel Mac OS X 10_15_7) AppleWebKit/605.1.15 (KHTML, like Gecko) Version/18.1 Safari/605.1.15"
[Mon Nov 11 2024 05:26:07 GMT+0530 (India Standard Time)]  "GET /_framework/System.Net.wnoz25yi7h.wasm" "Mozilla/5.0 (Macintosh; Intel Mac OS X 10_15_7) AppleWebKit/605.1.15 (KHTML, like Gecko) Version/18.1 Safari/605.1.15"
[Mon Nov 11 2024 05:26:07 GMT+0530 (India Standard Time)]  "GET /_framework/System.Numerics.Vectors.54kc4g87bl.wasm" "Mozilla/5.0 (Macintosh; Intel Mac OS X 10_15_7) AppleWebKit/605.1.15 (KHTML, like Gecko) Version/18.1 Safari/605.1.15"
[Mon Nov 11 2024 05:26:07 GMT+0530 (India Standard Time)]  "GET /_framework/System.Numerics.83sequ6v25.wasm" "Mozilla/5.0 (Macintosh; Intel Mac OS X 10_15_7) AppleWebKit/605.1.15 (KHTML, like Gecko) Version/18.1 Safari/605.1.15"
[Mon Nov 11 2024 05:26:07 GMT+0530 (India Standard Time)]  "GET /_framework/System.ObjectModel.q0cap5ndy9.wasm" "Mozilla/5.0 (Macintosh; Intel Mac OS X 10_15_7) AppleWebKit/605.1.15 (KHTML, like Gecko) Version/18.1 Safari/605.1.15"
[Mon Nov 11 2024 05:26:07 GMT+0530 (India Standard Time)]  "GET /_framework/System.Private.DataContractSerialization.v5gh10i5yb.wasm" "Mozilla/5.0 (Macintosh; Intel Mac OS X 10_15_7) AppleWebKit/605.1.15 (KHTML, like Gecko) Version/18.1 Safari/605.1.15"
[Mon Nov 11 2024 05:26:07 GMT+0530 (India Standard Time)]  "GET /_framework/System.Private.Uri.43bb65mlzv.wasm" "Mozilla/5.0 (Macintosh; Intel Mac OS X 10_15_7) AppleWebKit/605.1.15 (KHTML, like Gecko) Version/18.1 Safari/605.1.15"
[Mon Nov 11 2024 05:26:07 GMT+0530 (India Standard Time)]  "GET /_framework/System.Private.Xml.Linq.0f3fhgekik.wasm" "Mozilla/5.0 (Macintosh; Intel Mac OS X 10_15_7) AppleWebKit/605.1.15 (KHTML, like Gecko) Version/18.1 Safari/605.1.15"
[Mon Nov 11 2024 05:26:07 GMT+0530 (India Standard Time)]  "GET /_framework/System.Private.Xml.g3f6fekng4.wasm" "Mozilla/5.0 (Macintosh; Intel Mac OS X 10_15_7) AppleWebKit/605.1.15 (KHTML, like Gecko) Version/18.1 Safari/605.1.15"
[Mon Nov 11 2024 05:26:07 GMT+0530 (India Standard Time)]  "GET /_framework/System.Reflection.DispatchProxy.kjxqpq7ien.wasm" "Mozilla/5.0 (Macintosh; Intel Mac OS X 10_15_7) AppleWebKit/605.1.15 (KHTML, like Gecko) Version/18.1 Safari/605.1.15"
[Mon Nov 11 2024 05:26:07 GMT+0530 (India Standard Time)]  "GET /_framework/System.Reflection.Emit.ILGeneration.6dvtpyd0eg.wasm" "Mozilla/5.0 (Macintosh; Intel Mac OS X 10_15_7) AppleWebKit/605.1.15 (KHTML, like Gecko) Version/18.1 Safari/605.1.15"
[Mon Nov 11 2024 05:26:07 GMT+0530 (India Standard Time)]  "GET /_framework/System.Reflection.Emit.Lightweight.wikhmey5vn.wasm" "Mozilla/5.0 (Macintosh; Intel Mac OS X 10_15_7) AppleWebKit/605.1.15 (KHTML, like Gecko) Version/18.1 Safari/605.1.15"
[Mon Nov 11 2024 05:26:07 GMT+0530 (India Standard Time)]  "GET /_framework/System.Reflection.Emit.8o7h1ya3fc.wasm" "Mozilla/5.0 (Macintosh; Intel Mac OS X 10_15_7) AppleWebKit/605.1.15 (KHTML, like Gecko) Version/18.1 Safari/605.1.15"
[Mon Nov 11 2024 05:26:07 GMT+0530 (India Standard Time)]  "GET /_framework/System.Reflection.Extensions.30vnjmebvk.wasm" "Mozilla/5.0 (Macintosh; Intel Mac OS X 10_15_7) AppleWebKit/605.1.15 (KHTML, like Gecko) Version/18.1 Safari/605.1.15"
[Mon Nov 11 2024 05:26:07 GMT+0530 (India Standard Time)]  "GET /_framework/System.Reflection.Metadata.5xd6l5rhot.wasm" "Mozilla/5.0 (Macintosh; Intel Mac OS X 10_15_7) AppleWebKit/605.1.15 (KHTML, like Gecko) Version/18.1 Safari/605.1.15"
[Mon Nov 11 2024 05:26:07 GMT+0530 (India Standard Time)]  "GET /_framework/System.Reflection.Primitives.tlnoiibva3.wasm" "Mozilla/5.0 (Macintosh; Intel Mac OS X 10_15_7) AppleWebKit/605.1.15 (KHTML, like Gecko) Version/18.1 Safari/605.1.15"
[Mon Nov 11 2024 05:26:07 GMT+0530 (India Standard Time)]  "GET /_framework/System.Reflection.TypeExtensions.e39g4q7yfi.wasm" "Mozilla/5.0 (Macintosh; Intel Mac OS X 10_15_7) AppleWebKit/605.1.15 (KHTML, like Gecko) Version/18.1 Safari/605.1.15"
[Mon Nov 11 2024 05:26:07 GMT+0530 (India Standard Time)]  "GET /_framework/System.Reflection.0oqtydjwuw.wasm" "Mozilla/5.0 (Macintosh; Intel Mac OS X 10_15_7) AppleWebKit/605.1.15 (KHTML, like Gecko) Version/18.1 Safari/605.1.15"
[Mon Nov 11 2024 05:26:07 GMT+0530 (India Standard Time)]  "GET /_framework/System.Resources.Reader.wpo2zev0s7.wasm" "Mozilla/5.0 (Macintosh; Intel Mac OS X 10_15_7) AppleWebKit/605.1.15 (KHTML, like Gecko) Version/18.1 Safari/605.1.15"
[Mon Nov 11 2024 05:26:07 GMT+0530 (India Standard Time)]  "GET /_framework/System.Resources.ResourceManager.yu0mbe8dqz.wasm" "Mozilla/5.0 (Macintosh; Intel Mac OS X 10_15_7) AppleWebKit/605.1.15 (KHTML, like Gecko) Version/18.1 Safari/605.1.15"
[Mon Nov 11 2024 05:26:07 GMT+0530 (India Standard Time)]  "GET /_framework/System.Resources.Writer.ax5ketfhqn.wasm" "Mozilla/5.0 (Macintosh; Intel Mac OS X 10_15_7) AppleWebKit/605.1.15 (KHTML, like Gecko) Version/18.1 Safari/605.1.15"
[Mon Nov 11 2024 05:26:07 GMT+0530 (India Standard Time)]  "GET /_framework/System.Runtime.CompilerServices.Unsafe.t22r2hga5s.wasm" "Mozilla/5.0 (Macintosh; Intel Mac OS X 10_15_7) AppleWebKit/605.1.15 (KHTML, like Gecko) Version/18.1 Safari/605.1.15"
[Mon Nov 11 2024 05:26:07 GMT+0530 (India Standard Time)]  "GET /_framework/System.Runtime.CompilerServices.VisualC.htbdnk2fwv.wasm" "Mozilla/5.0 (Macintosh; Intel Mac OS X 10_15_7) AppleWebKit/605.1.15 (KHTML, like Gecko) Version/18.1 Safari/605.1.15"
[Mon Nov 11 2024 05:26:07 GMT+0530 (India Standard Time)]  "GET /_framework/System.Runtime.Extensions.d0cxom7gd5.wasm" "Mozilla/5.0 (Macintosh; Intel Mac OS X 10_15_7) AppleWebKit/605.1.15 (KHTML, like Gecko) Version/18.1 Safari/605.1.15"
[Mon Nov 11 2024 05:26:07 GMT+0530 (India Standard Time)]  "GET /_framework/System.Runtime.Handles.b5k5zmuwgi.wasm" "Mozilla/5.0 (Macintosh; Intel Mac OS X 10_15_7) AppleWebKit/605.1.15 (KHTML, like Gecko) Version/18.1 Safari/605.1.15"
[Mon Nov 11 2024 05:26:07 GMT+0530 (India Standard Time)]  "GET /_framework/System.Runtime.InteropServices.RuntimeInformation.9e23ikzqtx.wasm" "Mozilla/5.0 (Macintosh; Intel Mac OS X 10_15_7) AppleWebKit/605.1.15 (KHTML, like Gecko) Version/18.1 Safari/605.1.15"
[Mon Nov 11 2024 05:26:07 GMT+0530 (India Standard Time)]  "GET /_framework/System.Runtime.InteropServices.3wys6wp0hf.wasm" "Mozilla/5.0 (Macintosh; Intel Mac OS X 10_15_7) AppleWebKit/605.1.15 (KHTML, like Gecko) Version/18.1 Safari/605.1.15"
[Mon Nov 11 2024 05:26:07 GMT+0530 (India Standard Time)]  "GET /_framework/System.Runtime.Intrinsics.21w35a47uk.wasm" "Mozilla/5.0 (Macintosh; Intel Mac OS X 10_15_7) AppleWebKit/605.1.15 (KHTML, like Gecko) Version/18.1 Safari/605.1.15"
[Mon Nov 11 2024 05:26:07 GMT+0530 (India Standard Time)]  "GET /_framework/System.Runtime.Loader.hrynaujjkm.wasm" "Mozilla/5.0 (Macintosh; Intel Mac OS X 10_15_7) AppleWebKit/605.1.15 (KHTML, like Gecko) Version/18.1 Safari/605.1.15"
[Mon Nov 11 2024 05:26:07 GMT+0530 (India Standard Time)]  "GET /_framework/System.Runtime.Numerics.0c83dwcdvn.wasm" "Mozilla/5.0 (Macintosh; Intel Mac OS X 10_15_7) AppleWebKit/605.1.15 (KHTML, like Gecko) Version/18.1 Safari/605.1.15"
[Mon Nov 11 2024 05:26:07 GMT+0530 (India Standard Time)]  "GET /_framework/System.Runtime.Serialization.Formatters.dgbmidssny.wasm" "Mozilla/5.0 (Macintosh; Intel Mac OS X 10_15_7) AppleWebKit/605.1.15 (KHTML, like Gecko) Version/18.1 Safari/605.1.15"
[Mon Nov 11 2024 05:26:07 GMT+0530 (India Standard Time)]  "GET /_framework/System.Runtime.Serialization.Json.w10iz70c7r.wasm" "Mozilla/5.0 (Macintosh; Intel Mac OS X 10_15_7) AppleWebKit/605.1.15 (KHTML, like Gecko) Version/18.1 Safari/605.1.15"
[Mon Nov 11 2024 05:26:07 GMT+0530 (India Standard Time)]  "GET /_framework/System.Runtime.Serialization.Primitives.q80wbiuhbh.wasm" "Mozilla/5.0 (Macintosh; Intel Mac OS X 10_15_7) AppleWebKit/605.1.15 (KHTML, like Gecko) Version/18.1 Safari/605.1.15"
[Mon Nov 11 2024 05:26:07 GMT+0530 (India Standard Time)]  "GET /_framework/System.Runtime.Serialization.Xml.rn87ik2vwy.wasm" "Mozilla/5.0 (Macintosh; Intel Mac OS X 10_15_7) AppleWebKit/605.1.15 (KHTML, like Gecko) Version/18.1 Safari/605.1.15"
[Mon Nov 11 2024 05:26:07 GMT+0530 (India Standard Time)]  "GET /_framework/System.Runtime.Serialization.sd6dtmz198.wasm" "Mozilla/5.0 (Macintosh; Intel Mac OS X 10_15_7) AppleWebKit/605.1.15 (KHTML, like Gecko) Version/18.1 Safari/605.1.15"
[Mon Nov 11 2024 05:26:07 GMT+0530 (India Standard Time)]  "GET /_framework/System.Runtime.seazzwnxxn.wasm" "Mozilla/5.0 (Macintosh; Intel Mac OS X 10_15_7) AppleWebKit/605.1.15 (KHTML, like Gecko) Version/18.1 Safari/605.1.15"
[Mon Nov 11 2024 05:26:07 GMT+0530 (India Standard Time)]  "GET /_framework/System.Security.AccessControl.m4fpsja2rc.wasm" "Mozilla/5.0 (Macintosh; Intel Mac OS X 10_15_7) AppleWebKit/605.1.15 (KHTML, like Gecko) Version/18.1 Safari/605.1.15"
[Mon Nov 11 2024 05:26:07 GMT+0530 (India Standard Time)]  "GET /_framework/System.Security.Claims.ytx4627b2d.wasm" "Mozilla/5.0 (Macintosh; Intel Mac OS X 10_15_7) AppleWebKit/605.1.15 (KHTML, like Gecko) Version/18.1 Safari/605.1.15"
[Mon Nov 11 2024 05:26:07 GMT+0530 (India Standard Time)]  "GET /_framework/System.Security.Cryptography.Algorithms.mao4tvgvcr.wasm" "Mozilla/5.0 (Macintosh; Intel Mac OS X 10_15_7) AppleWebKit/605.1.15 (KHTML, like Gecko) Version/18.1 Safari/605.1.15"
[Mon Nov 11 2024 05:26:07 GMT+0530 (India Standard Time)]  "GET /_framework/System.Security.Cryptography.Cng.rdrl1vzzug.wasm" "Mozilla/5.0 (Macintosh; Intel Mac OS X 10_15_7) AppleWebKit/605.1.15 (KHTML, like Gecko) Version/18.1 Safari/605.1.15"
[Mon Nov 11 2024 05:26:07 GMT+0530 (India Standard Time)]  "GET /_framework/System.Security.Cryptography.Csp.9r4wa2nmiz.wasm" "Mozilla/5.0 (Macintosh; Intel Mac OS X 10_15_7) AppleWebKit/605.1.15 (KHTML, like Gecko) Version/18.1 Safari/605.1.15"
[Mon Nov 11 2024 05:26:07 GMT+0530 (India Standard Time)]  "GET /_framework/System.Security.Cryptography.Encoding.5zst8q1gn3.wasm" "Mozilla/5.0 (Macintosh; Intel Mac OS X 10_15_7) AppleWebKit/605.1.15 (KHTML, like Gecko) Version/18.1 Safari/605.1.15"
[Mon Nov 11 2024 05:26:07 GMT+0530 (India Standard Time)]  "GET /_framework/System.Security.Cryptography.OpenSsl.5z25m0dz7u.wasm" "Mozilla/5.0 (Macintosh; Intel Mac OS X 10_15_7) AppleWebKit/605.1.15 (KHTML, like Gecko) Version/18.1 Safari/605.1.15"
[Mon Nov 11 2024 05:26:07 GMT+0530 (India Standard Time)]  "GET /_framework/System.Security.Cryptography.Primitives.fj6aurjtax.wasm" "Mozilla/5.0 (Macintosh; Intel Mac OS X 10_15_7) AppleWebKit/605.1.15 (KHTML, like Gecko) Version/18.1 Safari/605.1.15"
[Mon Nov 11 2024 05:26:07 GMT+0530 (India Standard Time)]  "GET /_framework/System.Security.Cryptography.X509Certificates.a058wx18eg.wasm" "Mozilla/5.0 (Macintosh; Intel Mac OS X 10_15_7) AppleWebKit/605.1.15 (KHTML, like Gecko) Version/18.1 Safari/605.1.15"
[Mon Nov 11 2024 05:26:07 GMT+0530 (India Standard Time)]  "GET /_framework/System.Security.Cryptography.ezciksx480.wasm" "Mozilla/5.0 (Macintosh; Intel Mac OS X 10_15_7) AppleWebKit/605.1.15 (KHTML, like Gecko) Version/18.1 Safari/605.1.15"
[Mon Nov 11 2024 05:26:07 GMT+0530 (India Standard Time)]  "GET /_framework/System.Security.Principal.Windows.s7vw7ynn3v.wasm" "Mozilla/5.0 (Macintosh; Intel Mac OS X 10_15_7) AppleWebKit/605.1.15 (KHTML, like Gecko) Version/18.1 Safari/605.1.15"
[Mon Nov 11 2024 05:26:07 GMT+0530 (India Standard Time)]  "GET /_framework/System.Security.Principal.ie5wisqcha.wasm" "Mozilla/5.0 (Macintosh; Intel Mac OS X 10_15_7) AppleWebKit/605.1.15 (KHTML, like Gecko) Version/18.1 Safari/605.1.15"
[Mon Nov 11 2024 05:26:07 GMT+0530 (India Standard Time)]  "GET /_framework/System.Security.SecureString.4entykrdjg.wasm" "Mozilla/5.0 (Macintosh; Intel Mac OS X 10_15_7) AppleWebKit/605.1.15 (KHTML, like Gecko) Version/18.1 Safari/605.1.15"
[Mon Nov 11 2024 05:26:07 GMT+0530 (India Standard Time)]  "GET /_framework/System.Security.ydosgotks6.wasm" "Mozilla/5.0 (Macintosh; Intel Mac OS X 10_15_7) AppleWebKit/605.1.15 (KHTML, like Gecko) Version/18.1 Safari/605.1.15"
[Mon Nov 11 2024 05:26:07 GMT+0530 (India Standard Time)]  "GET /_framework/System.ServiceModel.Web.o6gl91ft64.wasm" "Mozilla/5.0 (Macintosh; Intel Mac OS X 10_15_7) AppleWebKit/605.1.15 (KHTML, like Gecko) Version/18.1 Safari/605.1.15"
[Mon Nov 11 2024 05:26:07 GMT+0530 (India Standard Time)]  "GET /_framework/System.ServiceProcess.q77s0wcagq.wasm" "Mozilla/5.0 (Macintosh; Intel Mac OS X 10_15_7) AppleWebKit/605.1.15 (KHTML, like Gecko) Version/18.1 Safari/605.1.15"
[Mon Nov 11 2024 05:26:07 GMT+0530 (India Standard Time)]  "GET /_framework/System.Text.Encoding.CodePages.hm3tkp0ck1.wasm" "Mozilla/5.0 (Macintosh; Intel Mac OS X 10_15_7) AppleWebKit/605.1.15 (KHTML, like Gecko) Version/18.1 Safari/605.1.15"
[Mon Nov 11 2024 05:26:07 GMT+0530 (India Standard Time)]  "GET /_framework/System.Text.Encoding.Extensions.395gaqjhiy.wasm" "Mozilla/5.0 (Macintosh; Intel Mac OS X 10_15_7) AppleWebKit/605.1.15 (KHTML, like Gecko) Version/18.1 Safari/605.1.15"
[Mon Nov 11 2024 05:26:07 GMT+0530 (India Standard Time)]  "GET /_framework/System.Text.Encoding.i1bjmvmm07.wasm" "Mozilla/5.0 (Macintosh; Intel Mac OS X 10_15_7) AppleWebKit/605.1.15 (KHTML, like Gecko) Version/18.1 Safari/605.1.15"
[Mon Nov 11 2024 05:26:07 GMT+0530 (India Standard Time)]  "GET /_framework/System.Text.Encodings.Web.ac40b6xgwv.wasm" "Mozilla/5.0 (Macintosh; Intel Mac OS X 10_15_7) AppleWebKit/605.1.15 (KHTML, like Gecko) Version/18.1 Safari/605.1.15"
[Mon Nov 11 2024 05:26:07 GMT+0530 (India Standard Time)]  "GET /_framework/System.Text.Json.jijvh3dhv0.wasm" "Mozilla/5.0 (Macintosh; Intel Mac OS X 10_15_7) AppleWebKit/605.1.15 (KHTML, like Gecko) Version/18.1 Safari/605.1.15"
[Mon Nov 11 2024 05:26:07 GMT+0530 (India Standard Time)]  "GET /_framework/System.Text.RegularExpressions.dzgstuohqp.wasm" "Mozilla/5.0 (Macintosh; Intel Mac OS X 10_15_7) AppleWebKit/605.1.15 (KHTML, like Gecko) Version/18.1 Safari/605.1.15"
[Mon Nov 11 2024 05:26:07 GMT+0530 (India Standard Time)]  "GET /_framework/System.Threading.Channels.g23d3hgpw6.wasm" "Mozilla/5.0 (Macintosh; Intel Mac OS X 10_15_7) AppleWebKit/605.1.15 (KHTML, like Gecko) Version/18.1 Safari/605.1.15"
[Mon Nov 11 2024 05:26:07 GMT+0530 (India Standard Time)]  "GET /_framework/System.Threading.Overlapped.lp65npv3qf.wasm" "Mozilla/5.0 (Macintosh; Intel Mac OS X 10_15_7) AppleWebKit/605.1.15 (KHTML, like Gecko) Version/18.1 Safari/605.1.15"
[Mon Nov 11 2024 05:26:07 GMT+0530 (India Standard Time)]  "GET /_framework/System.Threading.Tasks.Dataflow.w17gi3pt50.wasm" "Mozilla/5.0 (Macintosh; Intel Mac OS X 10_15_7) AppleWebKit/605.1.15 (KHTML, like Gecko) Version/18.1 Safari/605.1.15"
[Mon Nov 11 2024 05:26:07 GMT+0530 (India Standard Time)]  "GET /_framework/System.Threading.Tasks.Extensions.tyb3j0gex4.wasm" "Mozilla/5.0 (Macintosh; Intel Mac OS X 10_15_7) AppleWebKit/605.1.15 (KHTML, like Gecko) Version/18.1 Safari/605.1.15"
[Mon Nov 11 2024 05:26:07 GMT+0530 (India Standard Time)]  "GET /_framework/System.Threading.Tasks.Parallel.7k4446bfsg.wasm" "Mozilla/5.0 (Macintosh; Intel Mac OS X 10_15_7) AppleWebKit/605.1.15 (KHTML, like Gecko) Version/18.1 Safari/605.1.15"
[Mon Nov 11 2024 05:26:07 GMT+0530 (India Standard Time)]  "GET /_framework/System.Threading.Tasks.gtp6rlhd26.wasm" "Mozilla/5.0 (Macintosh; Intel Mac OS X 10_15_7) AppleWebKit/605.1.15 (KHTML, like Gecko) Version/18.1 Safari/605.1.15"
[Mon Nov 11 2024 05:26:07 GMT+0530 (India Standard Time)]  "GET /_framework/System.Threading.Thread.knnvqtuav1.wasm" "Mozilla/5.0 (Macintosh; Intel Mac OS X 10_15_7) AppleWebKit/605.1.15 (KHTML, like Gecko) Version/18.1 Safari/605.1.15"
[Mon Nov 11 2024 05:26:07 GMT+0530 (India Standard Time)]  "GET /_framework/System.Threading.ThreadPool.9riudzas8v.wasm" "Mozilla/5.0 (Macintosh; Intel Mac OS X 10_15_7) AppleWebKit/605.1.15 (KHTML, like Gecko) Version/18.1 Safari/605.1.15"
[Mon Nov 11 2024 05:26:07 GMT+0530 (India Standard Time)]  "GET /_framework/System.Threading.Timer.89cvho2jcc.wasm" "Mozilla/5.0 (Macintosh; Intel Mac OS X 10_15_7) AppleWebKit/605.1.15 (KHTML, like Gecko) Version/18.1 Safari/605.1.15"
[Mon Nov 11 2024 05:26:07 GMT+0530 (India Standard Time)]  "GET /_framework/System.Threading.q8fqtn7lcv.wasm" "Mozilla/5.0 (Macintosh; Intel Mac OS X 10_15_7) AppleWebKit/605.1.15 (KHTML, like Gecko) Version/18.1 Safari/605.1.15"
[Mon Nov 11 2024 05:26:07 GMT+0530 (India Standard Time)]  "GET /_framework/System.Transactions.Local.djcztcb8az.wasm" "Mozilla/5.0 (Macintosh; Intel Mac OS X 10_15_7) AppleWebKit/605.1.15 (KHTML, like Gecko) Version/18.1 Safari/605.1.15"
[Mon Nov 11 2024 05:26:07 GMT+0530 (India Standard Time)]  "GET /_framework/System.Transactions.4z3xjuivqz.wasm" "Mozilla/5.0 (Macintosh; Intel Mac OS X 10_15_7) AppleWebKit/605.1.15 (KHTML, like Gecko) Version/18.1 Safari/605.1.15"
[Mon Nov 11 2024 05:26:07 GMT+0530 (India Standard Time)]  "GET /_framework/System.ValueTuple.8a4c7wg91c.wasm" "Mozilla/5.0 (Macintosh; Intel Mac OS X 10_15_7) AppleWebKit/605.1.15 (KHTML, like Gecko) Version/18.1 Safari/605.1.15"
[Mon Nov 11 2024 05:26:07 GMT+0530 (India Standard Time)]  "GET /_framework/System.Web.HttpUtility.l1o886gzm0.wasm" "Mozilla/5.0 (Macintosh; Intel Mac OS X 10_15_7) AppleWebKit/605.1.15 (KHTML, like Gecko) Version/18.1 Safari/605.1.15"
[Mon Nov 11 2024 05:26:07 GMT+0530 (India Standard Time)]  "GET /_framework/System.Web.24p1q9pe46.wasm" "Mozilla/5.0 (Macintosh; Intel Mac OS X 10_15_7) AppleWebKit/605.1.15 (KHTML, like Gecko) Version/18.1 Safari/605.1.15"
[Mon Nov 11 2024 05:26:07 GMT+0530 (India Standard Time)]  "GET /_framework/System.Windows.4c525wyp64.wasm" "Mozilla/5.0 (Macintosh; Intel Mac OS X 10_15_7) AppleWebKit/605.1.15 (KHTML, like Gecko) Version/18.1 Safari/605.1.15"
[Mon Nov 11 2024 05:26:07 GMT+0530 (India Standard Time)]  "GET /_framework/System.Xml.Linq.yu4d43kaof.wasm" "Mozilla/5.0 (Macintosh; Intel Mac OS X 10_15_7) AppleWebKit/605.1.15 (KHTML, like Gecko) Version/18.1 Safari/605.1.15"
[Mon Nov 11 2024 05:26:07 GMT+0530 (India Standard Time)]  "GET /_framework/System.Xml.ReaderWriter.5cdzkkcght.wasm" "Mozilla/5.0 (Macintosh; Intel Mac OS X 10_15_7) AppleWebKit/605.1.15 (KHTML, like Gecko) Version/18.1 Safari/605.1.15"
[Mon Nov 11 2024 05:26:07 GMT+0530 (India Standard Time)]  "GET /_framework/System.Xml.Serialization.o4f3scoc36.wasm" "Mozilla/5.0 (Macintosh; Intel Mac OS X 10_15_7) AppleWebKit/605.1.15 (KHTML, like Gecko) Version/18.1 Safari/605.1.15"
[Mon Nov 11 2024 05:26:07 GMT+0530 (India Standard Time)]  "GET /_framework/System.Xml.XDocument.fo5sjh906d.wasm" "Mozilla/5.0 (Macintosh; Intel Mac OS X 10_15_7) AppleWebKit/605.1.15 (KHTML, like Gecko) Version/18.1 Safari/605.1.15"
[Mon Nov 11 2024 05:26:07 GMT+0530 (India Standard Time)]  "GET /_framework/System.Xml.XPath.XDocument.x8kikae7hn.wasm" "Mozilla/5.0 (Macintosh; Intel Mac OS X 10_15_7) AppleWebKit/605.1.15 (KHTML, like Gecko) Version/18.1 Safari/605.1.15"
[Mon Nov 11 2024 05:26:07 GMT+0530 (India Standard Time)]  "GET /_framework/System.Xml.XPath.aa02a1mnrt.wasm" "Mozilla/5.0 (Macintosh; Intel Mac OS X 10_15_7) AppleWebKit/605.1.15 (KHTML, like Gecko) Version/18.1 Safari/605.1.15"
[Mon Nov 11 2024 05:26:07 GMT+0530 (India Standard Time)]  "GET /_framework/System.Xml.XmlDocument.ygk90k2g03.wasm" "Mozilla/5.0 (Macintosh; Intel Mac OS X 10_15_7) AppleWebKit/605.1.15 (KHTML, like Gecko) Version/18.1 Safari/605.1.15"
[Mon Nov 11 2024 05:26:07 GMT+0530 (India Standard Time)]  "GET /_framework/System.Xml.XmlSerializer.tw9r23aubo.wasm" "Mozilla/5.0 (Macintosh; Intel Mac OS X 10_15_7) AppleWebKit/605.1.15 (KHTML, like Gecko) Version/18.1 Safari/605.1.15"
[Mon Nov 11 2024 05:26:07 GMT+0530 (India Standard Time)]  "GET /_framework/System.Xml.vpc5q975n9.wasm" "Mozilla/5.0 (Macintosh; Intel Mac OS X 10_15_7) AppleWebKit/605.1.15 (KHTML, like Gecko) Version/18.1 Safari/605.1.15"
[Mon Nov 11 2024 05:26:07 GMT+0530 (India Standard Time)]  "GET /_framework/System.g78iv8h41a.wasm" "Mozilla/5.0 (Macintosh; Intel Mac OS X 10_15_7) AppleWebKit/605.1.15 (KHTML, like Gecko) Version/18.1 Safari/605.1.15"
[Mon Nov 11 2024 05:26:07 GMT+0530 (India Standard Time)]  "GET /_framework/WindowsBase.lc9eiktle0.wasm" "Mozilla/5.0 (Macintosh; Intel Mac OS X 10_15_7) AppleWebKit/605.1.15 (KHTML, like Gecko) Version/18.1 Safari/605.1.15"
[Mon Nov 11 2024 05:26:07 GMT+0530 (India Standard Time)]  "GET /_framework/mscorlib.p8nn03wyo0.wasm" "Mozilla/5.0 (Macintosh; Intel Mac OS X 10_15_7) AppleWebKit/605.1.15 (KHTML, like Gecko) Version/18.1 Safari/605.1.15"
[Mon Nov 11 2024 05:26:07 GMT+0530 (India Standard Time)]  "GET /_framework/netstandard.8iwlv2ubpa.wasm" "Mozilla/5.0 (Macintosh; Intel Mac OS X 10_15_7) AppleWebKit/605.1.15 (KHTML, like Gecko) Version/18.1 Safari/605.1.15"
[Mon Nov 11 2024 05:26:07 GMT+0530 (India Standard Time)]  "GET /_framework/Wasm.5snqo0tfmc.wasm" "Mozilla/5.0 (Macintosh; Intel Mac OS X 10_15_7) AppleWebKit/605.1.15 (KHTML, like Gecko) Version/18.1 Safari/605.1.15"
[Mon Nov 11 2024 05:26:07 GMT+0530 (India Standard Time)]  "GET /_framework/icudt_EFIGS.tptq2av103.dat" "Mozilla/5.0 (Macintosh; Intel Mac OS X 10_15_7) AppleWebKit/605.1.15 (KHTML, like Gecko) Version/18.1 Safari/605.1.15"
[Mon Nov 11 2024 05:26:08 GMT+0530 (India Standard Time)]  "GET /Shim.js" "Mozilla/5.0 (Macintosh; Intel Mac OS X 10_15_7) AppleWebKit/605.1.15 (KHTML, like Gecko) Version/18.1 Safari/605.1.15"
^Chttp-server stopped.
rajaniapple@Rajanis-MacBook-Pro wwwroot % python3 --version
Python 3.13.0
rajaniapple@Rajanis-MacBook-Pro wwwroot % python3 -m http.server 8000
Serving HTTP on :: port 8000 (http://[::]:8000/) ...
::ffff:127.0.0.1 - - [11/Nov/2024 05:27:47] "GET / HTTP/1.1" 200 -
::ffff:127.0.0.1 - - [11/Nov/2024 05:27:54] "GET / HTTP/1.1" 200 -
::ffff:127.0.0.1 - - [11/Nov/2024 05:27:54] "GET /main.js HTTP/1.1" 200 -
::ffff:127.0.0.1 - - [11/Nov/2024 05:27:54] "GET /_framework/dotnet.js HTTP/1.1" 200 -
::ffff:127.0.0.1 - - [11/Nov/2024 05:27:54] "GET /_framework/blazor.boot.json HTTP/1.1" 200 -
::ffff:127.0.0.1 - - [11/Nov/2024 05:27:54] "GET /favicon.ico HTTP/1.1" 200 -
::ffff:127.0.0.1 - - [11/Nov/2024 05:27:54] "GET /_framework/dotnet.runtime.h6izlfp54g.js HTTP/1.1" 200 -
::ffff:127.0.0.1 - - [11/Nov/2024 05:27:54] "GET /_framework/dotnet.native.0fbbyz7uv3.js HTTP/1.1" 200 -
::ffff:127.0.0.1 - - [11/Nov/2024 05:27:54] "GET /_framework/dotnet.native.csd2k7t6tf.wasm HTTP/1.1" 200 -
::ffff:127.0.0.1 - - [11/Nov/2024 05:27:54] "GET /_framework/System.Runtime.InteropServices.JavaScript.81mu2ue34e.wasm HTTP/1.1" 200 -
::ffff:127.0.0.1 - - [11/Nov/2024 05:27:54] "GET /_framework/System.Private.CoreLib.260f1koe4w.wasm HTTP/1.1" 200 -
::ffff:127.0.0.1 - - [11/Nov/2024 05:27:54] "GET /_framework/Microsoft.CSharp.16wq3dn6m6.wasm HTTP/1.1" 200 -
::ffff:127.0.0.1 - - [11/Nov/2024 05:27:54] "GET /_framework/Microsoft.VisualBasic.Core.957mncgo3j.wasm HTTP/1.1" 200 -
::ffff:127.0.0.1 - - [11/Nov/2024 05:27:54] "GET /_framework/Microsoft.VisualBasic.lkj0j9821g.wasm HTTP/1.1" 200 -
::ffff:127.0.0.1 - - [11/Nov/2024 05:27:54] "GET /_framework/Microsoft.Win32.Primitives.6ucriqtn57.wasm HTTP/1.1" 200 -
::ffff:127.0.0.1 - - [11/Nov/2024 05:27:54] "GET /_framework/Microsoft.Win32.Registry.4cq0sy6pju.wasm HTTP/1.1" 200 -
::ffff:127.0.0.1 - - [11/Nov/2024 05:27:54] "GET /_framework/System.AppContext.wjggkrjcdz.wasm HTTP/1.1" 200 -
::ffff:127.0.0.1 - - [11/Nov/2024 05:27:54] "GET /_framework/System.Buffers.qxif0lplfr.wasm HTTP/1.1" 200 -
::ffff:127.0.0.1 - - [11/Nov/2024 05:27:54] "GET /_framework/System.Collections.Concurrent.41bm8l2nrh.wasm HTTP/1.1" 200 -
::ffff:127.0.0.1 - - [11/Nov/2024 05:27:54] "GET /_framework/System.Collections.Immutable.7yd7h2opyh.wasm HTTP/1.1" 200 -
::ffff:127.0.0.1 - - [11/Nov/2024 05:27:54] "GET /_framework/System.Collections.NonGeneric.s1mfw7otck.wasm HTTP/1.1" 200 -
::ffff:127.0.0.1 - - [11/Nov/2024 05:27:54] "GET /_framework/System.Collections.Specialized.g63mndhow6.wasm HTTP/1.1" 200 -
::ffff:127.0.0.1 - - [11/Nov/2024 05:27:54] "GET /_framework/System.Collections.rkpgtdwhpo.wasm HTTP/1.1" 200 -
::ffff:127.0.0.1 - - [11/Nov/2024 05:27:54] "GET /_framework/System.ComponentModel.Annotations.9m91oxpmja.wasm HTTP/1.1" 200 -
::ffff:127.0.0.1 - - [11/Nov/2024 05:27:54] "GET /_framework/System.ComponentModel.DataAnnotations.ux4fjhznj0.wasm HTTP/1.1" 200 -
::ffff:127.0.0.1 - - [11/Nov/2024 05:27:54] "GET /_framework/System.ComponentModel.EventBasedAsync.b5o28wkg4f.wasm HTTP/1.1" 200 -
::ffff:127.0.0.1 - - [11/Nov/2024 05:27:54] "GET /_framework/System.ComponentModel.Primitives.1629qnt680.wasm HTTP/1.1" 200 -
::ffff:127.0.0.1 - - [11/Nov/2024 05:27:54] "GET /_framework/System.ComponentModel.TypeConverter.476rhnh44o.wasm HTTP/1.1" 200 -
::ffff:127.0.0.1 - - [11/Nov/2024 05:27:54] "GET /_framework/System.Console.9o6w9dqubj.wasm HTTP/1.1" 200 -
::ffff:127.0.0.1 - - [11/Nov/2024 05:27:54] "GET /_framework/System.Data.Common.0qycsssroq.wasm HTTP/1.1" 200 -
::ffff:127.0.0.1 - - [11/Nov/2024 05:27:54] "GET /_framework/System.Data.DataSetExtensions.n74z2m2kxz.wasm HTTP/1.1" 200 -
::ffff:127.0.0.1 - - [11/Nov/2024 05:27:54] "GET /_framework/System.Core.897zprnzef.wasm HTTP/1.1" 200 -
::ffff:127.0.0.1 - - [11/Nov/2024 05:27:54] "GET /_framework/System.Configuration.djc30hkqra.wasm HTTP/1.1" 200 -
::ffff:127.0.0.1 - - [11/Nov/2024 05:27:54] "GET /_framework/System.ComponentModel.2xceumucs1.wasm HTTP/1.1" 200 -
::ffff:127.0.0.1 - - [11/Nov/2024 05:27:54] "GET /_framework/System.Data.fy0beduhai.wasm HTTP/1.1" 200 -
::ffff:127.0.0.1 - - [11/Nov/2024 05:27:54] "GET /_framework/System.Diagnostics.Contracts.1pkc3bfujc.wasm HTTP/1.1" 200 -
::ffff:127.0.0.1 - - [11/Nov/2024 05:27:54] "GET /_framework/System.Diagnostics.Debug.oyvc877kn7.wasm HTTP/1.1" 200 -
::ffff:127.0.0.1 - - [11/Nov/2024 05:27:54] "GET /_framework/System.Diagnostics.FileVersionInfo.ukp3ff2hiw.wasm HTTP/1.1" 200 -
::ffff:127.0.0.1 - - [11/Nov/2024 05:27:54] "GET /_framework/System.Diagnostics.DiagnosticSource.tijidut9b5.wasm HTTP/1.1" 200 -
::ffff:127.0.0.1 - - [11/Nov/2024 05:27:54] "GET /_framework/System.Diagnostics.Process.1l8xt8pltq.wasm HTTP/1.1" 200 -
::ffff:127.0.0.1 - - [11/Nov/2024 05:27:54] "GET /_framework/System.Diagnostics.StackTrace.9k4psq1man.wasm HTTP/1.1" 200 -
::ffff:127.0.0.1 - - [11/Nov/2024 05:27:54] "GET /_framework/System.Diagnostics.TextWriterTraceListener.3s5u54qrhw.wasm HTTP/1.1" 200 -
::ffff:127.0.0.1 - - [11/Nov/2024 05:27:54] "GET /_framework/System.Diagnostics.Tools.qinbl8f86p.wasm HTTP/1.1" 200 -
::ffff:127.0.0.1 - - [11/Nov/2024 05:27:54] "GET /_framework/System.Diagnostics.TraceSource.vc60zxnx9i.wasm HTTP/1.1" 200 -
::ffff:127.0.0.1 - - [11/Nov/2024 05:27:54] "GET /_framework/System.Diagnostics.Tracing.qjfvqe7ovi.wasm HTTP/1.1" 200 -
::ffff:127.0.0.1 - - [11/Nov/2024 05:27:54] "GET /_framework/System.Drawing.Primitives.i6c60479yi.wasm HTTP/1.1" 200 -
::ffff:127.0.0.1 - - [11/Nov/2024 05:27:54] "GET /_framework/System.Drawing.oewb08hsw5.wasm HTTP/1.1" 200 -
::ffff:127.0.0.1 - - [11/Nov/2024 05:27:54] "GET /_framework/System.Formats.Asn1.4euhz40qm4.wasm HTTP/1.1" 200 -
::ffff:127.0.0.1 - - [11/Nov/2024 05:27:54] "GET /_framework/System.Dynamic.Runtime.ur648jn21s.wasm HTTP/1.1" 200 -
::ffff:127.0.0.1 - - [11/Nov/2024 05:27:54] "GET /_framework/System.Formats.Tar.gffl7n4xwu.wasm HTTP/1.1" 200 -
::ffff:127.0.0.1 - - [11/Nov/2024 05:27:54] "GET /_framework/System.Globalization.Calendars.nfvmrjid1g.wasm HTTP/1.1" 200 -
::ffff:127.0.0.1 - - [11/Nov/2024 05:27:54] "GET /_framework/System.Globalization.Extensions.yqqlhs6e65.wasm HTTP/1.1" 200 -
::ffff:127.0.0.1 - - [11/Nov/2024 05:27:54] "GET /_framework/System.Globalization.y114y1fsu5.wasm HTTP/1.1" 200 -
::ffff:127.0.0.1 - - [11/Nov/2024 05:27:54] "GET /_framework/System.IO.Compression.Brotli.77m4tf6lnl.wasm HTTP/1.1" 200 -
::ffff:127.0.0.1 - - [11/Nov/2024 05:27:54] "GET /_framework/System.IO.Compression.FileSystem.yef1ak2k8b.wasm HTTP/1.1" 200 -
::ffff:127.0.0.1 - - [11/Nov/2024 05:27:54] "GET /_framework/System.IO.Compression.ZipFile.sgegssqou3.wasm HTTP/1.1" 200 -
::ffff:127.0.0.1 - - [11/Nov/2024 05:27:54] "GET /_framework/System.IO.Compression.mzfyiz7fl6.wasm HTTP/1.1" 200 -
::ffff:127.0.0.1 - - [11/Nov/2024 05:27:54] "GET /_framework/System.IO.FileSystem.DriveInfo.fzl46jehhr.wasm HTTP/1.1" 200 -
::ffff:127.0.0.1 - - [11/Nov/2024 05:27:54] "GET /_framework/System.IO.FileSystem.AccessControl.q2e3lvcd97.wasm HTTP/1.1" 200 -
::ffff:127.0.0.1 - - [11/Nov/2024 05:27:54] "GET /_framework/System.IO.FileSystem.Primitives.bluloecgku.wasm HTTP/1.1" 200 -
::ffff:127.0.0.1 - - [11/Nov/2024 05:27:54] "GET /_framework/System.IO.FileSystem.Watcher.3q240xoxyg.wasm HTTP/1.1" 200 -
::ffff:127.0.0.1 - - [11/Nov/2024 05:27:54] "GET /_framework/System.IO.FileSystem.nkmts6qdzc.wasm HTTP/1.1" 200 -
::ffff:127.0.0.1 - - [11/Nov/2024 05:27:54] "GET /_framework/System.IO.IsolatedStorage.g44r170pnd.wasm HTTP/1.1" 200 -
::ffff:127.0.0.1 - - [11/Nov/2024 05:27:54] "GET /_framework/System.IO.Pipelines.18jbya60ef.wasm HTTP/1.1" 200 -
::ffff:127.0.0.1 - - [11/Nov/2024 05:27:54] "GET /_framework/System.IO.MemoryMappedFiles.u9kz3t57ly.wasm HTTP/1.1" 200 -
::ffff:127.0.0.1 - - [11/Nov/2024 05:27:54] "GET /_framework/System.IO.Pipes.gvu2poo3dw.wasm HTTP/1.1" 200 -
::ffff:127.0.0.1 - - [11/Nov/2024 05:27:54] "GET /_framework/System.IO.UnmanagedMemoryStream.msgphx5z3o.wasm HTTP/1.1" 200 -
::ffff:127.0.0.1 - - [11/Nov/2024 05:27:54] "GET /_framework/System.IO.Pipes.AccessControl.uceqrd9akn.wasm HTTP/1.1" 200 -
::ffff:127.0.0.1 - - [11/Nov/2024 05:27:54] "GET /_framework/System.IO.h4llw12btc.wasm HTTP/1.1" 200 -
::ffff:127.0.0.1 - - [11/Nov/2024 05:27:54] "GET /_framework/System.Linq.Expressions.uigc577oxj.wasm HTTP/1.1" 200 -
::ffff:127.0.0.1 - - [11/Nov/2024 05:27:54] "GET /_framework/System.Linq.Parallel.3q8cjvcv28.wasm HTTP/1.1" 200 -
::ffff:127.0.0.1 - - [11/Nov/2024 05:27:54] "GET /_framework/System.Linq.Queryable.hrmgegy2no.wasm HTTP/1.1" 200 -
::ffff:127.0.0.1 - - [11/Nov/2024 05:27:54] "GET /_framework/System.Linq.ygwqgp8t2z.wasm HTTP/1.1" 200 -
::ffff:127.0.0.1 - - [11/Nov/2024 05:27:54] "GET /_framework/System.Memory.oxl1b6fsf1.wasm HTTP/1.1" 200 -
::ffff:127.0.0.1 - - [11/Nov/2024 05:27:54] "GET /_framework/System.Net.Http.Json.sa48txmfog.wasm HTTP/1.1" 200 -
::ffff:127.0.0.1 - - [11/Nov/2024 05:27:54] "GET /_framework/System.Net.HttpListener.ihqbimnfeg.wasm HTTP/1.1" 200 -
::ffff:127.0.0.1 - - [11/Nov/2024 05:27:54] "GET /_framework/System.Net.Http.n4pr0ic08w.wasm HTTP/1.1" 200 -
::ffff:127.0.0.1 - - [11/Nov/2024 05:27:54] "GET /_framework/System.Net.Mail.tlnu5zqcwn.wasm HTTP/1.1" 200 -
::ffff:127.0.0.1 - - [11/Nov/2024 05:27:54] "GET /_framework/System.Net.NameResolution.hi9adgtnl0.wasm HTTP/1.1" 200 -
::ffff:127.0.0.1 - - [11/Nov/2024 05:27:54] "GET /_framework/System.Net.NetworkInformation.0r8h86xh8h.wasm HTTP/1.1" 200 -
::ffff:127.0.0.1 - - [11/Nov/2024 05:27:54] "GET /_framework/System.Net.Ping.9kwjfmvg2x.wasm HTTP/1.1" 200 -
::ffff:127.0.0.1 - - [11/Nov/2024 05:27:54] "GET /_framework/System.Net.Primitives.lftwbzixfp.wasm HTTP/1.1" 200 -
::ffff:127.0.0.1 - - [11/Nov/2024 05:27:54] "GET /_framework/System.Net.Quic.z6z35bscxs.wasm HTTP/1.1" 200 -
::ffff:127.0.0.1 - - [11/Nov/2024 05:27:54] "GET /_framework/System.Net.Requests.8v7s6oprzp.wasm HTTP/1.1" 200 -
::ffff:127.0.0.1 - - [11/Nov/2024 05:27:54] "GET /_framework/System.Net.Security.k3nwbrkdjk.wasm HTTP/1.1" 200 -
::ffff:127.0.0.1 - - [11/Nov/2024 05:27:54] "GET /_framework/System.Net.ServicePoint.tnbxmhn2d7.wasm HTTP/1.1" 200 -
::ffff:127.0.0.1 - - [11/Nov/2024 05:27:54] "GET /_framework/System.Net.Sockets.6pc0l2xxlq.wasm HTTP/1.1" 200 -
::ffff:127.0.0.1 - - [11/Nov/2024 05:27:54] "GET /_framework/System.Net.WebClient.kznhbzqxk0.wasm HTTP/1.1" 200 -
::ffff:127.0.0.1 - - [11/Nov/2024 05:27:54] "GET /_framework/System.Net.WebHeaderCollection.u0p0mzmszr.wasm HTTP/1.1" 200 -
::ffff:127.0.0.1 - - [11/Nov/2024 05:27:54] "GET /_framework/System.Net.WebProxy.ksyxevxlhe.wasm HTTP/1.1" 200 -
::ffff:127.0.0.1 - - [11/Nov/2024 05:27:54] "GET /_framework/System.Net.WebSockets.Client.k0h375mn5s.wasm HTTP/1.1" 200 -
::ffff:127.0.0.1 - - [11/Nov/2024 05:27:54] "GET /_framework/System.Net.WebSockets.v6w1ivf3ds.wasm HTTP/1.1" 200 -
::ffff:127.0.0.1 - - [11/Nov/2024 05:27:54] "GET /_framework/System.Net.wnoz25yi7h.wasm HTTP/1.1" 200 -
::ffff:127.0.0.1 - - [11/Nov/2024 05:27:54] "GET /_framework/System.Numerics.Vectors.54kc4g87bl.wasm HTTP/1.1" 200 -
::ffff:127.0.0.1 - - [11/Nov/2024 05:27:54] "GET /_framework/System.Numerics.83sequ6v25.wasm HTTP/1.1" 200 -
::ffff:127.0.0.1 - - [11/Nov/2024 05:27:54] "GET /_framework/System.ObjectModel.q0cap5ndy9.wasm HTTP/1.1" 200 -
::ffff:127.0.0.1 - - [11/Nov/2024 05:27:54] "GET /_framework/System.Private.DataContractSerialization.v5gh10i5yb.wasm HTTP/1.1" 200 -
::ffff:127.0.0.1 - - [11/Nov/2024 05:27:54] "GET /_framework/System.Private.Uri.43bb65mlzv.wasm HTTP/1.1" 200 -
::ffff:127.0.0.1 - - [11/Nov/2024 05:27:54] "GET /_framework/System.Private.Xml.Linq.0f3fhgekik.wasm HTTP/1.1" 200 -
::ffff:127.0.0.1 - - [11/Nov/2024 05:27:54] "GET /_framework/System.Private.Xml.g3f6fekng4.wasm HTTP/1.1" 200 -
::ffff:127.0.0.1 - - [11/Nov/2024 05:27:54] "GET /_framework/System.Reflection.DispatchProxy.kjxqpq7ien.wasm HTTP/1.1" 200 -
::ffff:127.0.0.1 - - [11/Nov/2024 05:27:54] "GET /_framework/System.Reflection.Emit.ILGeneration.6dvtpyd0eg.wasm HTTP/1.1" 200 -
::ffff:127.0.0.1 - - [11/Nov/2024 05:27:54] "GET /_framework/System.Reflection.Emit.Lightweight.wikhmey5vn.wasm HTTP/1.1" 200 -
::ffff:127.0.0.1 - - [11/Nov/2024 05:27:54] "GET /_framework/System.Reflection.Emit.8o7h1ya3fc.wasm HTTP/1.1" 200 -
::ffff:127.0.0.1 - - [11/Nov/2024 05:27:54] "GET /_framework/System.Reflection.Extensions.30vnjmebvk.wasm HTTP/1.1" 200 -
::ffff:127.0.0.1 - - [11/Nov/2024 05:27:54] "GET /_framework/System.Reflection.Metadata.5xd6l5rhot.wasm HTTP/1.1" 200 -
::ffff:127.0.0.1 - - [11/Nov/2024 05:27:54] "GET /_framework/System.Reflection.Primitives.tlnoiibva3.wasm HTTP/1.1" 200 -
::ffff:127.0.0.1 - - [11/Nov/2024 05:27:54] "GET /_framework/System.Reflection.TypeExtensions.e39g4q7yfi.wasm HTTP/1.1" 200 -
::ffff:127.0.0.1 - - [11/Nov/2024 05:27:54] "GET /_framework/System.Reflection.0oqtydjwuw.wasm HTTP/1.1" 200 -
::ffff:127.0.0.1 - - [11/Nov/2024 05:27:54] "GET /_framework/System.Resources.Writer.ax5ketfhqn.wasm HTTP/1.1" 200 -
::ffff:127.0.0.1 - - [11/Nov/2024 05:27:54] "GET /_framework/System.Resources.Reader.wpo2zev0s7.wasm HTTP/1.1" 200 -
::ffff:127.0.0.1 - - [11/Nov/2024 05:27:54] "GET /_framework/System.Resources.ResourceManager.yu0mbe8dqz.wasm HTTP/1.1" 200 -
::ffff:127.0.0.1 - - [11/Nov/2024 05:27:54] "GET /_framework/System.Runtime.CompilerServices.VisualC.htbdnk2fwv.wasm HTTP/1.1" 200 -
::ffff:127.0.0.1 - - [11/Nov/2024 05:27:54] "GET /_framework/System.Runtime.CompilerServices.Unsafe.t22r2hga5s.wasm HTTP/1.1" 200 -
::ffff:127.0.0.1 - - [11/Nov/2024 05:27:54] "GET /_framework/System.Runtime.Extensions.d0cxom7gd5.wasm HTTP/1.1" 200 -
::ffff:127.0.0.1 - - [11/Nov/2024 05:27:54] "GET /_framework/System.Runtime.Handles.b5k5zmuwgi.wasm HTTP/1.1" 200 -
::ffff:127.0.0.1 - - [11/Nov/2024 05:27:54] "GET /_framework/System.Runtime.InteropServices.RuntimeInformation.9e23ikzqtx.wasm HTTP/1.1" 200 -
::ffff:127.0.0.1 - - [11/Nov/2024 05:27:54] "GET /_framework/System.Runtime.InteropServices.3wys6wp0hf.wasm HTTP/1.1" 200 -
::ffff:127.0.0.1 - - [11/Nov/2024 05:27:54] "GET /_framework/System.Runtime.Intrinsics.21w35a47uk.wasm HTTP/1.1" 200 -
::ffff:127.0.0.1 - - [11/Nov/2024 05:27:54] "GET /_framework/System.Runtime.Loader.hrynaujjkm.wasm HTTP/1.1" 200 -
::ffff:127.0.0.1 - - [11/Nov/2024 05:27:54] "GET /_framework/System.Runtime.Numerics.0c83dwcdvn.wasm HTTP/1.1" 200 -
::ffff:127.0.0.1 - - [11/Nov/2024 05:27:54] "GET /_framework/System.Runtime.Serialization.Formatters.dgbmidssny.wasm HTTP/1.1" 200 -
::ffff:127.0.0.1 - - [11/Nov/2024 05:27:54] "GET /_framework/System.Runtime.Serialization.Json.w10iz70c7r.wasm HTTP/1.1" 200 -
::ffff:127.0.0.1 - - [11/Nov/2024 05:27:54] "GET /_framework/System.Runtime.Serialization.Primitives.q80wbiuhbh.wasm HTTP/1.1" 200 -
::ffff:127.0.0.1 - - [11/Nov/2024 05:27:54] "GET /_framework/System.Runtime.Serialization.Xml.rn87ik2vwy.wasm HTTP/1.1" 200 -
::ffff:127.0.0.1 - - [11/Nov/2024 05:27:54] "GET /_framework/System.Runtime.Serialization.sd6dtmz198.wasm HTTP/1.1" 200 -
::ffff:127.0.0.1 - - [11/Nov/2024 05:27:54] "GET /_framework/System.Runtime.seazzwnxxn.wasm HTTP/1.1" 200 -
::ffff:127.0.0.1 - - [11/Nov/2024 05:27:54] "GET /_framework/System.Security.AccessControl.m4fpsja2rc.wasm HTTP/1.1" 200 -
::ffff:127.0.0.1 - - [11/Nov/2024 05:27:54] "GET /_framework/System.Security.Claims.ytx4627b2d.wasm HTTP/1.1" 200 -
::ffff:127.0.0.1 - - [11/Nov/2024 05:27:54] "GET /_framework/System.Security.Cryptography.Algorithms.mao4tvgvcr.wasm HTTP/1.1" 200 -
::ffff:127.0.0.1 - - [11/Nov/2024 05:27:54] "GET /_framework/System.Security.Cryptography.Cng.rdrl1vzzug.wasm HTTP/1.1" 200 -
::ffff:127.0.0.1 - - [11/Nov/2024 05:27:54] "GET /_framework/System.Security.Cryptography.Csp.9r4wa2nmiz.wasm HTTP/1.1" 200 -
::ffff:127.0.0.1 - - [11/Nov/2024 05:27:54] "GET /_framework/System.Security.Cryptography.Encoding.5zst8q1gn3.wasm HTTP/1.1" 200 -
::ffff:127.0.0.1 - - [11/Nov/2024 05:27:54] "GET /_framework/System.Security.Cryptography.Primitives.fj6aurjtax.wasm HTTP/1.1" 200 -
::ffff:127.0.0.1 - - [11/Nov/2024 05:27:54] "GET /_framework/System.Security.Cryptography.ezciksx480.wasm HTTP/1.1" 200 -
::ffff:127.0.0.1 - - [11/Nov/2024 05:27:54] "GET /_framework/System.Security.Cryptography.OpenSsl.5z25m0dz7u.wasm HTTP/1.1" 200 -
::ffff:127.0.0.1 - - [11/Nov/2024 05:27:54] "GET /_framework/System.Security.Principal.Windows.s7vw7ynn3v.wasm HTTP/1.1" 200 -
::ffff:127.0.0.1 - - [11/Nov/2024 05:27:54] "GET /_framework/System.Security.Principal.ie5wisqcha.wasm HTTP/1.1" 200 -
::ffff:127.0.0.1 - - [11/Nov/2024 05:27:54] "GET /_framework/System.Security.ydosgotks6.wasm HTTP/1.1" 200 -
::ffff:127.0.0.1 - - [11/Nov/2024 05:27:54] "GET /_framework/System.Security.SecureString.4entykrdjg.wasm HTTP/1.1" 200 -
::ffff:127.0.0.1 - - [11/Nov/2024 05:27:54] "GET /_framework/System.Security.Cryptography.X509Certificates.a058wx18eg.wasm HTTP/1.1" 200 -
::ffff:127.0.0.1 - - [11/Nov/2024 05:27:54] "GET /_framework/System.ServiceModel.Web.o6gl91ft64.wasm HTTP/1.1" 200 -
::ffff:127.0.0.1 - - [11/Nov/2024 05:27:54] "GET /_framework/System.ServiceProcess.q77s0wcagq.wasm HTTP/1.1" 200 -
::ffff:127.0.0.1 - - [11/Nov/2024 05:27:54] "GET /_framework/System.Text.Encoding.CodePages.hm3tkp0ck1.wasm HTTP/1.1" 200 -
::ffff:127.0.0.1 - - [11/Nov/2024 05:27:54] "GET /_framework/System.Text.Encoding.Extensions.395gaqjhiy.wasm HTTP/1.1" 200 -
::ffff:127.0.0.1 - - [11/Nov/2024 05:27:54] "GET /_framework/System.Text.Encoding.i1bjmvmm07.wasm HTTP/1.1" 200 -
::ffff:127.0.0.1 - - [11/Nov/2024 05:27:54] "GET /_framework/System.Text.Encodings.Web.ac40b6xgwv.wasm HTTP/1.1" 200 -
::ffff:127.0.0.1 - - [11/Nov/2024 05:27:54] "GET /_framework/System.Text.Json.jijvh3dhv0.wasm HTTP/1.1" 200 -
::ffff:127.0.0.1 - - [11/Nov/2024 05:27:54] "GET /_framework/System.Text.RegularExpressions.dzgstuohqp.wasm HTTP/1.1" 200 -
::ffff:127.0.0.1 - - [11/Nov/2024 05:27:54] "GET /_framework/System.Threading.Channels.g23d3hgpw6.wasm HTTP/1.1" 200 -
::ffff:127.0.0.1 - - [11/Nov/2024 05:27:54] "GET /_framework/System.Threading.Overlapped.lp65npv3qf.wasm HTTP/1.1" 200 -
::ffff:127.0.0.1 - - [11/Nov/2024 05:27:54] "GET /_framework/System.Threading.Tasks.Dataflow.w17gi3pt50.wasm HTTP/1.1" 200 -
::ffff:127.0.0.1 - - [11/Nov/2024 05:27:54] "GET /_framework/System.Threading.Tasks.Extensions.tyb3j0gex4.wasm HTTP/1.1" 200 -
::ffff:127.0.0.1 - - [11/Nov/2024 05:27:54] "GET /_framework/System.Threading.Tasks.Parallel.7k4446bfsg.wasm HTTP/1.1" 200 -
::ffff:127.0.0.1 - - [11/Nov/2024 05:27:54] "GET /_framework/System.Threading.Tasks.gtp6rlhd26.wasm HTTP/1.1" 200 -
::ffff:127.0.0.1 - - [11/Nov/2024 05:27:54] "GET /_framework/System.Threading.Thread.knnvqtuav1.wasm HTTP/1.1" 200 -
::ffff:127.0.0.1 - - [11/Nov/2024 05:27:54] "GET /_framework/System.Threading.Timer.89cvho2jcc.wasm HTTP/1.1" 200 -
::ffff:127.0.0.1 - - [11/Nov/2024 05:27:54] "GET /_framework/System.Threading.q8fqtn7lcv.wasm HTTP/1.1" 200 -
::ffff:127.0.0.1 - - [11/Nov/2024 05:27:54] "GET /_framework/System.Transactions.Local.djcztcb8az.wasm HTTP/1.1" 200 -
::ffff:127.0.0.1 - - [11/Nov/2024 05:27:54] "GET /_framework/System.Threading.ThreadPool.9riudzas8v.wasm HTTP/1.1" 200 -
::ffff:127.0.0.1 - - [11/Nov/2024 05:27:54] "GET /_framework/System.ValueTuple.8a4c7wg91c.wasm HTTP/1.1" 200 -
::ffff:127.0.0.1 - - [11/Nov/2024 05:27:54] "GET /_framework/System.Transactions.4z3xjuivqz.wasm HTTP/1.1" 200 -
::ffff:127.0.0.1 - - [11/Nov/2024 05:27:54] "GET /_framework/System.Web.HttpUtility.l1o886gzm0.wasm HTTP/1.1" 200 -
::ffff:127.0.0.1 - - [11/Nov/2024 05:27:54] "GET /_framework/System.Web.24p1q9pe46.wasm HTTP/1.1" 200 -
::ffff:127.0.0.1 - - [11/Nov/2024 05:27:54] "GET /_framework/System.Windows.4c525wyp64.wasm HTTP/1.1" 200 -
::ffff:127.0.0.1 - - [11/Nov/2024 05:27:54] "GET /_framework/System.Xml.Linq.yu4d43kaof.wasm HTTP/1.1" 200 -
::ffff:127.0.0.1 - - [11/Nov/2024 05:27:54] "GET /_framework/System.Xml.ReaderWriter.5cdzkkcght.wasm HTTP/1.1" 200 -
::ffff:127.0.0.1 - - [11/Nov/2024 05:27:54] "GET /_framework/System.Xml.Serialization.o4f3scoc36.wasm HTTP/1.1" 200 -
::ffff:127.0.0.1 - - [11/Nov/2024 05:27:54] "GET /_framework/System.Xml.XDocument.fo5sjh906d.wasm HTTP/1.1" 200 -
::ffff:127.0.0.1 - - [11/Nov/2024 05:27:54] "GET /_framework/System.Xml.XPath.XDocument.x8kikae7hn.wasm HTTP/1.1" 200 -
::ffff:127.0.0.1 - - [11/Nov/2024 05:27:54] "GET /_framework/System.Xml.XPath.aa02a1mnrt.wasm HTTP/1.1" 200 -
::ffff:127.0.0.1 - - [11/Nov/2024 05:27:54] "GET /_framework/System.Xml.XmlDocument.ygk90k2g03.wasm HTTP/1.1" 200 -
::ffff:127.0.0.1 - - [11/Nov/2024 05:27:54] "GET /_framework/System.Xml.XmlSerializer.tw9r23aubo.wasm HTTP/1.1" 200 -
::ffff:127.0.0.1 - - [11/Nov/2024 05:27:54] "GET /_framework/System.Xml.vpc5q975n9.wasm HTTP/1.1" 200 -
::ffff:127.0.0.1 - - [11/Nov/2024 05:27:54] "GET /_framework/System.g78iv8h41a.wasm HTTP/1.1" 200 -
::ffff:127.0.0.1 - - [11/Nov/2024 05:27:54] "GET /_framework/WindowsBase.lc9eiktle0.wasm HTTP/1.1" 200 -
::ffff:127.0.0.1 - - [11/Nov/2024 05:27:54] "GET /_framework/mscorlib.p8nn03wyo0.wasm HTTP/1.1" 200 -
::ffff:127.0.0.1 - - [11/Nov/2024 05:27:54] "GET /_framework/netstandard.8iwlv2ubpa.wasm HTTP/1.1" 200 -
::ffff:127.0.0.1 - - [11/Nov/2024 05:27:54] "GET /_framework/Wasm.5snqo0tfmc.wasm HTTP/1.1" 200 -
::ffff:127.0.0.1 - - [11/Nov/2024 05:27:54] "GET /_framework/icudt_EFIGS.tptq2av103.dat HTTP/1.1" 200 -
::ffff:127.0.0.1 - - [11/Nov/2024 05:27:54] "GET /Shim.js HTTP/1.1" 200 -
^C
Keyboard interrupt received, exiting.
rajaniapple@Rajanis-MacBook-Pro wwwroot % export PATH="$HOME/Downloads/Software/OpenJDK/JDK23.0.1/jdk-23.0.1.jdk/Contents/Home/bin/":$PATH
rajaniapple@Rajanis-MacBook-Pro wwwroot % java --version
openjdk 23.0.1 2024-10-15
OpenJDK Runtime Environment (build 23.0.1+11-39)
OpenJDK 64-Bit Server VM (build 23.0.1+11-39, mixed mode, sharing)
rajaniapple@Rajanis-MacBook-Pro wwwroot % jwebserver --port 8000 
Binding to loopback by default. For all interfaces use "-b 0.0.0.0" or "-b ::".
Serving /Users/rajaniapple/Desktop/GitHub/Auxiliary-Add/WebAssembly/CS/WasmRelease/wwwroot and subdirectories on 127.0.0.1 port 8000
URL http://127.0.0.1:8000/
127.0.0.1 - - [11/Nov/2024:05:28:44 +0530] "GET / HTTP/1.1" 200 -
127.0.0.1 - - [11/Nov/2024:05:28:56 +0530] "GET / HTTP/1.1" 200 -
127.0.0.1 - - [11/Nov/2024:05:28:56 +0530] "GET /main.js HTTP/1.1" 200 -
127.0.0.1 - - [11/Nov/2024:05:28:56 +0530] "GET /_framework/dotnet.js HTTP/1.1" 200 -
127.0.0.1 - - [11/Nov/2024:05:28:56 +0530] "GET /_framework/blazor.boot.json HTTP/1.1" 200 -
127.0.0.1 - - [11/Nov/2024:05:28:56 +0530] "GET /favicon.ico HTTP/1.1" 200 -
127.0.0.1 - - [11/Nov/2024:05:28:56 +0530] "GET /_framework/dotnet.runtime.h6izlfp54g.js HTTP/1.1" 200 -
127.0.0.1 - - [11/Nov/2024:05:28:56 +0530] "GET /_framework/dotnet.native.0fbbyz7uv3.js HTTP/1.1" 200 -
127.0.0.1 - - [11/Nov/2024:05:28:56 +0530] "GET /_framework/dotnet.native.csd2k7t6tf.wasm HTTP/1.1" 200 -
127.0.0.1 - - [11/Nov/2024:05:28:56 +0530] "GET /_framework/System.Runtime.InteropServices.JavaScript.81mu2ue34e.wasm HTTP/1.1" 200 -
127.0.0.1 - - [11/Nov/2024:05:28:56 +0530] "GET /_framework/Microsoft.Win32.Primitives.6ucriqtn57.wasm HTTP/1.1" 200 -
127.0.0.1 - - [11/Nov/2024:05:28:56 +0530] "GET /_framework/System.Private.CoreLib.260f1koe4w.wasm HTTP/1.1" 200 -
127.0.0.1 - - [11/Nov/2024:05:28:56 +0530] "GET /_framework/System.Buffers.qxif0lplfr.wasm HTTP/1.1" 200 -
127.0.0.1 - - [11/Nov/2024:05:28:56 +0530] "GET /_framework/Microsoft.Win32.Registry.4cq0sy6pju.wasm HTTP/1.1" 200 -
127.0.0.1 - - [11/Nov/2024:05:28:56 +0530] "GET /_framework/System.AppContext.wjggkrjcdz.wasm HTTP/1.1" 200 -
127.0.0.1 - - [11/Nov/2024:05:28:56 +0530] "GET /_framework/Microsoft.CSharp.16wq3dn6m6.wasm HTTP/1.1" 200 -
127.0.0.1 - - [11/Nov/2024:05:28:56 +0530] "GET /_framework/System.Collections.NonGeneric.s1mfw7otck.wasm HTTP/1.1" 200 -
127.0.0.1 - - [11/Nov/2024:05:28:56 +0530] "GET /_framework/System.Collections.Concurrent.41bm8l2nrh.wasm HTTP/1.1" 200 -
127.0.0.1 - - [11/Nov/2024:05:28:56 +0530] "GET /_framework/Microsoft.VisualBasic.Core.957mncgo3j.wasm HTTP/1.1" 200 -
127.0.0.1 - - [11/Nov/2024:05:28:56 +0530] "GET /_framework/System.Collections.Immutable.7yd7h2opyh.wasm HTTP/1.1" 200 -
127.0.0.1 - - [11/Nov/2024:05:28:56 +0530] "GET /_framework/System.Collections.Specialized.g63mndhow6.wasm HTTP/1.1" 200 -
127.0.0.1 - - [11/Nov/2024:05:28:56 +0530] "GET /_framework/System.Collections.rkpgtdwhpo.wasm HTTP/1.1" 200 -
127.0.0.1 - - [11/Nov/2024:05:28:56 +0530] "GET /_framework/System.ComponentModel.Annotations.9m91oxpmja.wasm HTTP/1.1" 200 -
127.0.0.1 - - [11/Nov/2024:05:28:56 +0530] "GET /_framework/Microsoft.VisualBasic.lkj0j9821g.wasm HTTP/1.1" 200 -
127.0.0.1 - - [11/Nov/2024:05:28:56 +0530] "GET /_framework/System.ComponentModel.DataAnnotations.ux4fjhznj0.wasm HTTP/1.1" 200 -
127.0.0.1 - - [11/Nov/2024:05:28:56 +0530] "GET /_framework/System.ComponentModel.EventBasedAsync.b5o28wkg4f.wasm HTTP/1.1" 200 -
127.0.0.1 - - [11/Nov/2024:05:28:56 +0530] "GET /_framework/System.ComponentModel.Primitives.1629qnt680.wasm HTTP/1.1" 200 -
127.0.0.1 - - [11/Nov/2024:05:28:56 +0530] "GET /_framework/System.ComponentModel.TypeConverter.476rhnh44o.wasm HTTP/1.1" 200 -
127.0.0.1 - - [11/Nov/2024:05:28:56 +0530] "GET /_framework/System.ComponentModel.2xceumucs1.wasm HTTP/1.1" 200 -
127.0.0.1 - - [11/Nov/2024:05:28:56 +0530] "GET /_framework/System.Data.Common.0qycsssroq.wasm HTTP/1.1" 200 -
127.0.0.1 - - [11/Nov/2024:05:28:56 +0530] "GET /_framework/System.Data.DataSetExtensions.n74z2m2kxz.wasm HTTP/1.1" 200 -
127.0.0.1 - - [11/Nov/2024:05:28:56 +0530] "GET /_framework/System.Configuration.djc30hkqra.wasm HTTP/1.1" 200 -
127.0.0.1 - - [11/Nov/2024:05:28:56 +0530] "GET /_framework/System.Console.9o6w9dqubj.wasm HTTP/1.1" 200 -
127.0.0.1 - - [11/Nov/2024:05:28:56 +0530] "GET /_framework/System.Core.897zprnzef.wasm HTTP/1.1" 200 -
127.0.0.1 - - [11/Nov/2024:05:28:56 +0530] "GET /_framework/System.Diagnostics.DiagnosticSource.tijidut9b5.wasm HTTP/1.1" 200 -
127.0.0.1 - - [11/Nov/2024:05:28:56 +0530] "GET /_framework/System.Data.fy0beduhai.wasm HTTP/1.1" 200 -
127.0.0.1 - - [11/Nov/2024:05:28:56 +0530] "GET /_framework/System.Diagnostics.FileVersionInfo.ukp3ff2hiw.wasm HTTP/1.1" 200 -
127.0.0.1 - - [11/Nov/2024:05:28:56 +0530] "GET /_framework/System.Diagnostics.Debug.oyvc877kn7.wasm HTTP/1.1" 200 -
127.0.0.1 - - [11/Nov/2024:05:28:56 +0530] "GET /_framework/System.Diagnostics.Contracts.1pkc3bfujc.wasm HTTP/1.1" 200 -
127.0.0.1 - - [11/Nov/2024:05:28:56 +0530] "GET /_framework/System.Diagnostics.Process.1l8xt8pltq.wasm HTTP/1.1" 200 -
127.0.0.1 - - [11/Nov/2024:05:28:56 +0530] "GET /_framework/System.Diagnostics.StackTrace.9k4psq1man.wasm HTTP/1.1" 200 -
127.0.0.1 - - [11/Nov/2024:05:28:56 +0530] "GET /_framework/System.Diagnostics.TextWriterTraceListener.3s5u54qrhw.wasm HTTP/1.1" 200 -
127.0.0.1 - - [11/Nov/2024:05:28:56 +0530] "GET /_framework/System.Diagnostics.Tools.qinbl8f86p.wasm HTTP/1.1" 200 -
127.0.0.1 - - [11/Nov/2024:05:28:56 +0530] "GET /_framework/System.Diagnostics.Tracing.qjfvqe7ovi.wasm HTTP/1.1" 200 -
127.0.0.1 - - [11/Nov/2024:05:28:56 +0530] "GET /_framework/System.Diagnostics.TraceSource.vc60zxnx9i.wasm HTTP/1.1" 200 -
127.0.0.1 - - [11/Nov/2024:05:28:56 +0530] "GET /_framework/System.Drawing.Primitives.i6c60479yi.wasm HTTP/1.1" 200 -
127.0.0.1 - - [11/Nov/2024:05:28:56 +0530] "GET /_framework/System.Drawing.oewb08hsw5.wasm HTTP/1.1" 200 -
127.0.0.1 - - [11/Nov/2024:05:28:56 +0530] "GET /_framework/System.Dynamic.Runtime.ur648jn21s.wasm HTTP/1.1" 200 -
127.0.0.1 - - [11/Nov/2024:05:28:56 +0530] "GET /_framework/System.Formats.Tar.gffl7n4xwu.wasm HTTP/1.1" 200 -
127.0.0.1 - - [11/Nov/2024:05:28:56 +0530] "GET /_framework/System.Formats.Asn1.4euhz40qm4.wasm HTTP/1.1" 200 -
127.0.0.1 - - [11/Nov/2024:05:28:56 +0530] "GET /_framework/System.Globalization.Extensions.yqqlhs6e65.wasm HTTP/1.1" 200 -
127.0.0.1 - - [11/Nov/2024:05:28:56 +0530] "GET /_framework/System.Globalization.y114y1fsu5.wasm HTTP/1.1" 200 -
127.0.0.1 - - [11/Nov/2024:05:28:56 +0530] "GET /_framework/System.Globalization.Calendars.nfvmrjid1g.wasm HTTP/1.1" 200 -
127.0.0.1 - - [11/Nov/2024:05:28:56 +0530] "GET /_framework/System.IO.Compression.Brotli.77m4tf6lnl.wasm HTTP/1.1" 200 -
127.0.0.1 - - [11/Nov/2024:05:28:56 +0530] "GET /_framework/System.IO.Compression.FileSystem.yef1ak2k8b.wasm HTTP/1.1" 200 -
127.0.0.1 - - [11/Nov/2024:05:28:56 +0530] "GET /_framework/System.IO.Compression.mzfyiz7fl6.wasm HTTP/1.1" 200 -
127.0.0.1 - - [11/Nov/2024:05:28:56 +0530] "GET /_framework/System.IO.Compression.ZipFile.sgegssqou3.wasm HTTP/1.1" 200 -
127.0.0.1 - - [11/Nov/2024:05:28:56 +0530] "GET /_framework/System.IO.FileSystem.Primitives.bluloecgku.wasm HTTP/1.1" 200 -
127.0.0.1 - - [11/Nov/2024:05:28:56 +0530] "GET /_framework/System.IO.FileSystem.DriveInfo.fzl46jehhr.wasm HTTP/1.1" 200 -
127.0.0.1 - - [11/Nov/2024:05:28:56 +0530] "GET /_framework/System.IO.FileSystem.AccessControl.q2e3lvcd97.wasm HTTP/1.1" 200 -
127.0.0.1 - - [11/Nov/2024:05:28:56 +0530] "GET /_framework/System.IO.FileSystem.Watcher.3q240xoxyg.wasm HTTP/1.1" 200 -
127.0.0.1 - - [11/Nov/2024:05:28:56 +0530] "GET /_framework/System.IO.FileSystem.nkmts6qdzc.wasm HTTP/1.1" 200 -
127.0.0.1 - - [11/Nov/2024:05:28:56 +0530] "GET /_framework/System.IO.IsolatedStorage.g44r170pnd.wasm HTTP/1.1" 200 -
127.0.0.1 - - [11/Nov/2024:05:28:56 +0530] "GET /_framework/System.IO.MemoryMappedFiles.u9kz3t57ly.wasm HTTP/1.1" 200 -
127.0.0.1 - - [11/Nov/2024:05:28:56 +0530] "GET /_framework/System.IO.Pipelines.18jbya60ef.wasm HTTP/1.1" 200 -
127.0.0.1 - - [11/Nov/2024:05:28:56 +0530] "GET /_framework/System.IO.Pipes.AccessControl.uceqrd9akn.wasm HTTP/1.1" 200 -
127.0.0.1 - - [11/Nov/2024:05:28:56 +0530] "GET /_framework/System.IO.Pipes.gvu2poo3dw.wasm HTTP/1.1" 200 -
127.0.0.1 - - [11/Nov/2024:05:28:56 +0530] "GET /_framework/System.IO.UnmanagedMemoryStream.msgphx5z3o.wasm HTTP/1.1" 200 -
127.0.0.1 - - [11/Nov/2024:05:28:56 +0530] "GET /_framework/System.IO.h4llw12btc.wasm HTTP/1.1" 200 -
127.0.0.1 - - [11/Nov/2024:05:28:56 +0530] "GET /_framework/System.Linq.Parallel.3q8cjvcv28.wasm HTTP/1.1" 200 -
127.0.0.1 - - [11/Nov/2024:05:28:56 +0530] "GET /_framework/System.Linq.Queryable.hrmgegy2no.wasm HTTP/1.1" 200 -
127.0.0.1 - - [11/Nov/2024:05:28:56 +0530] "GET /_framework/System.Linq.ygwqgp8t2z.wasm HTTP/1.1" 200 -
127.0.0.1 - - [11/Nov/2024:05:28:56 +0530] "GET /_framework/System.Linq.Expressions.uigc577oxj.wasm HTTP/1.1" 200 -
127.0.0.1 - - [11/Nov/2024:05:28:56 +0530] "GET /_framework/System.Net.HttpListener.ihqbimnfeg.wasm HTTP/1.1" 200 -
127.0.0.1 - - [11/Nov/2024:05:28:56 +0530] "GET /_framework/System.Net.Http.Json.sa48txmfog.wasm HTTP/1.1" 200 -
127.0.0.1 - - [11/Nov/2024:05:28:56 +0530] "GET /_framework/System.Memory.oxl1b6fsf1.wasm HTTP/1.1" 200 -
127.0.0.1 - - [11/Nov/2024:05:28:56 +0530] "GET /_framework/System.Net.Http.n4pr0ic08w.wasm HTTP/1.1" 200 -
127.0.0.1 - - [11/Nov/2024:05:28:56 +0530] "GET /_framework/System.Net.Ping.9kwjfmvg2x.wasm HTTP/1.1" 200 -
127.0.0.1 - - [11/Nov/2024:05:28:56 +0530] "GET /_framework/System.Net.Mail.tlnu5zqcwn.wasm HTTP/1.1" 200 -
127.0.0.1 - - [11/Nov/2024:05:28:56 +0530] "GET /_framework/System.Net.Primitives.lftwbzixfp.wasm HTTP/1.1" 200 -
127.0.0.1 - - [11/Nov/2024:05:28:56 +0530] "GET /_framework/System.Net.NameResolution.hi9adgtnl0.wasm HTTP/1.1" 200 -
127.0.0.1 - - [11/Nov/2024:05:28:56 +0530] "GET /_framework/System.Net.NetworkInformation.0r8h86xh8h.wasm HTTP/1.1" 200 -
127.0.0.1 - - [11/Nov/2024:05:28:56 +0530] "GET /_framework/System.Net.Security.k3nwbrkdjk.wasm HTTP/1.1" 200 -
127.0.0.1 - - [11/Nov/2024:05:28:56 +0530] "GET /_framework/System.Net.Quic.z6z35bscxs.wasm HTTP/1.1" 200 -
127.0.0.1 - - [11/Nov/2024:05:28:56 +0530] "GET /_framework/System.Net.Requests.8v7s6oprzp.wasm HTTP/1.1" 200 -
127.0.0.1 - - [11/Nov/2024:05:28:56 +0530] "GET /_framework/System.Net.WebHeaderCollection.u0p0mzmszr.wasm HTTP/1.1" 200 -
127.0.0.1 - - [11/Nov/2024:05:28:56 +0530] "GET /_framework/System.Net.WebClient.kznhbzqxk0.wasm HTTP/1.1" 200 -
127.0.0.1 - - [11/Nov/2024:05:28:56 +0530] "GET /_framework/System.Net.Sockets.6pc0l2xxlq.wasm HTTP/1.1" 200 -
127.0.0.1 - - [11/Nov/2024:05:28:56 +0530] "GET /_framework/System.Net.ServicePoint.tnbxmhn2d7.wasm HTTP/1.1" 200 -
127.0.0.1 - - [11/Nov/2024:05:28:56 +0530] "GET /_framework/System.Net.WebSockets.Client.k0h375mn5s.wasm HTTP/1.1" 200 -
127.0.0.1 - - [11/Nov/2024:05:28:56 +0530] "GET /_framework/System.Net.WebProxy.ksyxevxlhe.wasm HTTP/1.1" 200 -
127.0.0.1 - - [11/Nov/2024:05:28:56 +0530] "GET /_framework/System.Net.WebSockets.v6w1ivf3ds.wasm HTTP/1.1" 200 -
127.0.0.1 - - [11/Nov/2024:05:28:56 +0530] "GET /_framework/System.Net.wnoz25yi7h.wasm HTTP/1.1" 200 -
127.0.0.1 - - [11/Nov/2024:05:28:56 +0530] "GET /_framework/System.Numerics.Vectors.54kc4g87bl.wasm HTTP/1.1" 200 -
127.0.0.1 - - [11/Nov/2024:05:28:56 +0530] "GET /_framework/System.Numerics.83sequ6v25.wasm HTTP/1.1" 200 -
127.0.0.1 - - [11/Nov/2024:05:28:56 +0530] "GET /_framework/System.ObjectModel.q0cap5ndy9.wasm HTTP/1.1" 200 -
127.0.0.1 - - [11/Nov/2024:05:28:56 +0530] "GET /_framework/System.Private.DataContractSerialization.v5gh10i5yb.wasm HTTP/1.1" 200 -
127.0.0.1 - - [11/Nov/2024:05:28:56 +0530] "GET /_framework/System.Private.Xml.g3f6fekng4.wasm HTTP/1.1" 200 -
127.0.0.1 - - [11/Nov/2024:05:28:56 +0530] "GET /_framework/System.Private.Uri.43bb65mlzv.wasm HTTP/1.1" 200 -
127.0.0.1 - - [11/Nov/2024:05:28:56 +0530] "GET /_framework/System.Private.Xml.Linq.0f3fhgekik.wasm HTTP/1.1" 200 -
127.0.0.1 - - [11/Nov/2024:05:28:56 +0530] "GET /_framework/System.Reflection.DispatchProxy.kjxqpq7ien.wasm HTTP/1.1" 200 -
127.0.0.1 - - [11/Nov/2024:05:28:56 +0530] "GET /_framework/System.Reflection.Emit.Lightweight.wikhmey5vn.wasm HTTP/1.1" 200 -
127.0.0.1 - - [11/Nov/2024:05:28:56 +0530] "GET /_framework/System.Reflection.Emit.ILGeneration.6dvtpyd0eg.wasm HTTP/1.1" 200 -
127.0.0.1 - - [11/Nov/2024:05:28:56 +0530] "GET /_framework/System.Reflection.Emit.8o7h1ya3fc.wasm HTTP/1.1" 200 -
127.0.0.1 - - [11/Nov/2024:05:28:56 +0530] "GET /_framework/System.Reflection.Extensions.30vnjmebvk.wasm HTTP/1.1" 200 -
127.0.0.1 - - [11/Nov/2024:05:28:56 +0530] "GET /_framework/System.Reflection.Metadata.5xd6l5rhot.wasm HTTP/1.1" 200 -
127.0.0.1 - - [11/Nov/2024:05:28:56 +0530] "GET /_framework/System.Reflection.0oqtydjwuw.wasm HTTP/1.1" 200 -
127.0.0.1 - - [11/Nov/2024:05:28:56 +0530] "GET /_framework/System.Reflection.TypeExtensions.e39g4q7yfi.wasm HTTP/1.1" 200 -
127.0.0.1 - - [11/Nov/2024:05:28:56 +0530] "GET /_framework/System.Resources.Reader.wpo2zev0s7.wasm HTTP/1.1" 200 -
127.0.0.1 - - [11/Nov/2024:05:28:56 +0530] "GET /_framework/System.Reflection.Primitives.tlnoiibva3.wasm HTTP/1.1" 200 -
127.0.0.1 - - [11/Nov/2024:05:28:56 +0530] "GET /_framework/System.Resources.ResourceManager.yu0mbe8dqz.wasm HTTP/1.1" 200 -
127.0.0.1 - - [11/Nov/2024:05:28:56 +0530] "GET /_framework/System.Resources.Writer.ax5ketfhqn.wasm HTTP/1.1" 200 -
127.0.0.1 - - [11/Nov/2024:05:28:56 +0530] "GET /_framework/System.Runtime.CompilerServices.Unsafe.t22r2hga5s.wasm HTTP/1.1" 200 -
127.0.0.1 - - [11/Nov/2024:05:28:56 +0530] "GET /_framework/System.Runtime.CompilerServices.VisualC.htbdnk2fwv.wasm HTTP/1.1" 200 -
127.0.0.1 - - [11/Nov/2024:05:28:56 +0530] "GET /_framework/System.Runtime.Extensions.d0cxom7gd5.wasm HTTP/1.1" 200 -
127.0.0.1 - - [11/Nov/2024:05:28:56 +0530] "GET /_framework/System.Runtime.Handles.b5k5zmuwgi.wasm HTTP/1.1" 200 -
127.0.0.1 - - [11/Nov/2024:05:28:56 +0530] "GET /_framework/System.Runtime.InteropServices.RuntimeInformation.9e23ikzqtx.wasm HTTP/1.1" 200 -
127.0.0.1 - - [11/Nov/2024:05:28:56 +0530] "GET /_framework/System.Runtime.Numerics.0c83dwcdvn.wasm HTTP/1.1" 200 -
127.0.0.1 - - [11/Nov/2024:05:28:56 +0530] "GET /_framework/System.Runtime.Loader.hrynaujjkm.wasm HTTP/1.1" 200 -
127.0.0.1 - - [11/Nov/2024:05:28:56 +0530] "GET /_framework/System.Runtime.Intrinsics.21w35a47uk.wasm HTTP/1.1" 200 -
127.0.0.1 - - [11/Nov/2024:05:28:56 +0530] "GET /_framework/System.Runtime.InteropServices.3wys6wp0hf.wasm HTTP/1.1" 200 -
127.0.0.1 - - [11/Nov/2024:05:28:56 +0530] "GET /_framework/System.Runtime.Serialization.Formatters.dgbmidssny.wasm HTTP/1.1" 200 -
127.0.0.1 - - [11/Nov/2024:05:28:56 +0530] "GET /_framework/System.Runtime.Serialization.Json.w10iz70c7r.wasm HTTP/1.1" 200 -
127.0.0.1 - - [11/Nov/2024:05:28:56 +0530] "GET /_framework/System.Runtime.Serialization.Xml.rn87ik2vwy.wasm HTTP/1.1" 200 -
127.0.0.1 - - [11/Nov/2024:05:28:56 +0530] "GET /_framework/System.Runtime.Serialization.Primitives.q80wbiuhbh.wasm HTTP/1.1" 200 -
127.0.0.1 - - [11/Nov/2024:05:28:56 +0530] "GET /_framework/System.Runtime.Serialization.sd6dtmz198.wasm HTTP/1.1" 200 -
127.0.0.1 - - [11/Nov/2024:05:28:56 +0530] "GET /_framework/System.Runtime.seazzwnxxn.wasm HTTP/1.1" 200 -
127.0.0.1 - - [11/Nov/2024:05:28:56 +0530] "GET /_framework/System.Security.AccessControl.m4fpsja2rc.wasm HTTP/1.1" 200 -
127.0.0.1 - - [11/Nov/2024:05:28:56 +0530] "GET /_framework/System.Security.Claims.ytx4627b2d.wasm HTTP/1.1" 200 -
127.0.0.1 - - [11/Nov/2024:05:28:56 +0530] "GET /_framework/System.Security.Cryptography.Cng.rdrl1vzzug.wasm HTTP/1.1" 200 -
127.0.0.1 - - [11/Nov/2024:05:28:56 +0530] "GET /_framework/System.Security.Cryptography.Algorithms.mao4tvgvcr.wasm HTTP/1.1" 200 -
127.0.0.1 - - [11/Nov/2024:05:28:56 +0530] "GET /_framework/System.Security.Cryptography.Csp.9r4wa2nmiz.wasm HTTP/1.1" 200 -
127.0.0.1 - - [11/Nov/2024:05:28:56 +0530] "GET /_framework/System.Security.Cryptography.OpenSsl.5z25m0dz7u.wasm HTTP/1.1" 200 -
127.0.0.1 - - [11/Nov/2024:05:28:56 +0530] "GET /_framework/System.Security.Cryptography.Encoding.5zst8q1gn3.wasm HTTP/1.1" 200 -
127.0.0.1 - - [11/Nov/2024:05:28:56 +0530] "GET /_framework/System.Security.Cryptography.Primitives.fj6aurjtax.wasm HTTP/1.1" 200 -
127.0.0.1 - - [11/Nov/2024:05:28:56 +0530] "GET /_framework/System.Security.Cryptography.X509Certificates.a058wx18eg.wasm HTTP/1.1" 200 -
127.0.0.1 - - [11/Nov/2024:05:28:56 +0530] "GET /_framework/System.Security.Principal.Windows.s7vw7ynn3v.wasm HTTP/1.1" 200 -
127.0.0.1 - - [11/Nov/2024:05:28:56 +0530] "GET /_framework/System.Security.Cryptography.ezciksx480.wasm HTTP/1.1" 200 -
127.0.0.1 - - [11/Nov/2024:05:28:56 +0530] "GET /_framework/System.Security.Principal.ie5wisqcha.wasm HTTP/1.1" 200 -
127.0.0.1 - - [11/Nov/2024:05:28:56 +0530] "GET /_framework/System.Security.SecureString.4entykrdjg.wasm HTTP/1.1" 200 -
127.0.0.1 - - [11/Nov/2024:05:28:56 +0530] "GET /_framework/System.Security.ydosgotks6.wasm HTTP/1.1" 200 -
127.0.0.1 - - [11/Nov/2024:05:28:56 +0530] "GET /_framework/System.ServiceModel.Web.o6gl91ft64.wasm HTTP/1.1" 200 -
127.0.0.1 - - [11/Nov/2024:05:28:56 +0530] "GET /_framework/System.ServiceProcess.q77s0wcagq.wasm HTTP/1.1" 200 -
127.0.0.1 - - [11/Nov/2024:05:28:56 +0530] "GET /_framework/System.Text.Encoding.CodePages.hm3tkp0ck1.wasm HTTP/1.1" 200 -
127.0.0.1 - - [11/Nov/2024:05:28:56 +0530] "GET /_framework/System.Text.Encoding.i1bjmvmm07.wasm HTTP/1.1" 200 -
127.0.0.1 - - [11/Nov/2024:05:28:56 +0530] "GET /_framework/System.Text.Encoding.Extensions.395gaqjhiy.wasm HTTP/1.1" 200 -
127.0.0.1 - - [11/Nov/2024:05:28:56 +0530] "GET /_framework/System.Text.Encodings.Web.ac40b6xgwv.wasm HTTP/1.1" 200 -
127.0.0.1 - - [11/Nov/2024:05:28:56 +0530] "GET /_framework/System.Text.Json.jijvh3dhv0.wasm HTTP/1.1" 200 -
127.0.0.1 - - [11/Nov/2024:05:28:56 +0530] "GET /_framework/System.Text.RegularExpressions.dzgstuohqp.wasm HTTP/1.1" 200 -
127.0.0.1 - - [11/Nov/2024:05:28:56 +0530] "GET /_framework/System.Threading.Channels.g23d3hgpw6.wasm HTTP/1.1" 200 -
127.0.0.1 - - [11/Nov/2024:05:28:56 +0530] "GET /_framework/System.Threading.Overlapped.lp65npv3qf.wasm HTTP/1.1" 200 -
127.0.0.1 - - [11/Nov/2024:05:28:56 +0530] "GET /_framework/System.Threading.Tasks.Dataflow.w17gi3pt50.wasm HTTP/1.1" 200 -
127.0.0.1 - - [11/Nov/2024:05:28:56 +0530] "GET /_framework/System.Threading.Tasks.Extensions.tyb3j0gex4.wasm HTTP/1.1" 200 -
127.0.0.1 - - [11/Nov/2024:05:28:56 +0530] "GET /_framework/System.Threading.Tasks.Parallel.7k4446bfsg.wasm HTTP/1.1" 200 -
127.0.0.1 - - [11/Nov/2024:05:28:56 +0530] "GET /_framework/System.Threading.Tasks.gtp6rlhd26.wasm HTTP/1.1" 200 -
127.0.0.1 - - [11/Nov/2024:05:28:56 +0530] "GET /_framework/System.Threading.Thread.knnvqtuav1.wasm HTTP/1.1" 200 -
127.0.0.1 - - [11/Nov/2024:05:28:56 +0530] "GET /_framework/System.Threading.ThreadPool.9riudzas8v.wasm HTTP/1.1" 200 -
127.0.0.1 - - [11/Nov/2024:05:28:56 +0530] "GET /_framework/System.Transactions.Local.djcztcb8az.wasm HTTP/1.1" 200 -
127.0.0.1 - - [11/Nov/2024:05:28:56 +0530] "GET /_framework/System.Threading.q8fqtn7lcv.wasm HTTP/1.1" 200 -
127.0.0.1 - - [11/Nov/2024:05:28:56 +0530] "GET /_framework/System.Threading.Timer.89cvho2jcc.wasm HTTP/1.1" 200 -
127.0.0.1 - - [11/Nov/2024:05:28:56 +0530] "GET /_framework/System.ValueTuple.8a4c7wg91c.wasm HTTP/1.1" 200 -
127.0.0.1 - - [11/Nov/2024:05:28:56 +0530] "GET /_framework/System.Transactions.4z3xjuivqz.wasm HTTP/1.1" 200 -
127.0.0.1 - - [11/Nov/2024:05:28:56 +0530] "GET /_framework/System.Web.HttpUtility.l1o886gzm0.wasm HTTP/1.1" 200 -
127.0.0.1 - - [11/Nov/2024:05:28:56 +0530] "GET /_framework/System.Web.24p1q9pe46.wasm HTTP/1.1" 200 -
127.0.0.1 - - [11/Nov/2024:05:28:56 +0530] "GET /_framework/System.Windows.4c525wyp64.wasm HTTP/1.1" 200 -
127.0.0.1 - - [11/Nov/2024:05:28:56 +0530] "GET /_framework/System.Xml.Linq.yu4d43kaof.wasm HTTP/1.1" 200 -
127.0.0.1 - - [11/Nov/2024:05:28:56 +0530] "GET /_framework/System.Xml.ReaderWriter.5cdzkkcght.wasm HTTP/1.1" 200 -
127.0.0.1 - - [11/Nov/2024:05:28:56 +0530] "GET /_framework/System.Xml.Serialization.o4f3scoc36.wasm HTTP/1.1" 200 -
127.0.0.1 - - [11/Nov/2024:05:28:56 +0530] "GET /_framework/System.Xml.XDocument.fo5sjh906d.wasm HTTP/1.1" 200 -
127.0.0.1 - - [11/Nov/2024:05:28:56 +0530] "GET /_framework/System.Xml.XPath.XDocument.x8kikae7hn.wasm HTTP/1.1" 200 -
127.0.0.1 - - [11/Nov/2024:05:28:56 +0530] "GET /_framework/System.Xml.XPath.aa02a1mnrt.wasm HTTP/1.1" 200 -
127.0.0.1 - - [11/Nov/2024:05:28:56 +0530] "GET /_framework/System.Xml.XmlDocument.ygk90k2g03.wasm HTTP/1.1" 200 -
127.0.0.1 - - [11/Nov/2024:05:28:56 +0530] "GET /_framework/System.Xml.XmlSerializer.tw9r23aubo.wasm HTTP/1.1" 200 -
127.0.0.1 - - [11/Nov/2024:05:28:56 +0530] "GET /_framework/System.Xml.vpc5q975n9.wasm HTTP/1.1" 200 -
127.0.0.1 - - [11/Nov/2024:05:28:56 +0530] "GET /_framework/System.g78iv8h41a.wasm HTTP/1.1" 200 -
127.0.0.1 - - [11/Nov/2024:05:28:56 +0530] "GET /_framework/WindowsBase.lc9eiktle0.wasm HTTP/1.1" 200 -
127.0.0.1 - - [11/Nov/2024:05:28:56 +0530] "GET /_framework/mscorlib.p8nn03wyo0.wasm HTTP/1.1" 200 -
127.0.0.1 - - [11/Nov/2024:05:28:56 +0530] "GET /_framework/netstandard.8iwlv2ubpa.wasm HTTP/1.1" 200 -
127.0.0.1 - - [11/Nov/2024:05:28:56 +0530] "GET /_framework/icudt_EFIGS.tptq2av103.dat HTTP/1.1" 200 -
127.0.0.1 - - [11/Nov/2024:05:28:56 +0530] "GET /_framework/Wasm.5snqo0tfmc.wasm HTTP/1.1" 200 -
127.0.0.1 - - [11/Nov/2024:05:28:56 +0530] "GET /Shim.js HTTP/1.1" 200 -
^C%                                                                                                                                         rajaniapple@Rajanis-MacBook-Pro wwwroot % 
