
rajanis@MSSPLLAP165 MINGW64 /
$ export PATH=$PATH:"/C/Users/rajanis/Downloads/Node.js/node-v14.15.5-win-x64/"

rajanis@MSSPLLAP165 MINGW64 /
$ node --version
v14.15.5

rajanis@MSSPLLAP165 MINGW64 /
$ cd "C:\Users\rajanis\Desktop\Angular.io\toh-pt0"

rajanis@MSSPLLAP165 MINGW64 ~/Desktop/Angular.io/toh-pt0
$ npm install -g @angular/cli
npm WARN deprecated request@2.88.2: request has been deprecated, see https://github.com/request/request/issues/3142
npm WARN deprecated har-validator@5.1.5: this library is no longer supported
C:\Users\rajanis\Downloads\Node.js\node-v14.15.5-win-x64\ng -> C:\Users\rajanis\Downloads\Node.js\node-v14.15.5-win-x64\node_modules\@angular\cli\bin\ng

> @angular/cli@11.1.4 postinstall C:\Users\rajanis\Downloads\Node.js\node-v14.15.5-win-x64\node_modules\@angular\cli
> node ./bin/postinstall/script.js

+ @angular/cli@11.1.4
added 234 packages from 182 contributors in 46.663s

rajanis@MSSPLLAP165 MINGW64 ~/Desktop/Angular.io/toh-pt0
$ ng serve --open
An unhandled exception occurred: Cannot find module '@angular-devkit/build-angular/package.json'
Require stack:
- C:\Users\rajanis\Downloads\Node.js\node-v14.15.5-win-x64\node_modules\@angular\cli\node_modules\@angular-devkit\architect\node\node-modules-architect-host.js
- C:\Users\rajanis\Downloads\Node.js\node-v14.15.5-win-x64\node_modules\@angular\cli\node_modules\@angular-devkit\architect\node\index.js
- C:\Users\rajanis\Downloads\Node.js\node-v14.15.5-win-x64\node_modules\@angular\cli\models\architect-command.js
- C:\Users\rajanis\Downloads\Node.js\node-v14.15.5-win-x64\node_modules\@angular\cli\commands\serve-impl.js
- C:\Users\rajanis\Downloads\Node.js\node-v14.15.5-win-x64\node_modules\@angular\cli\node_modules\@angular-devkit\schematics\tools\export-ref.js
- C:\Users\rajanis\Downloads\Node.js\node-v14.15.5-win-x64\node_modules\@angular\cli\node_modules\@angular-devkit\schematics\tools\index.js
- C:\Users\rajanis\Downloads\Node.js\node-v14.15.5-win-x64\node_modules\@angular\cli\utilities\json-schema.js
- C:\Users\rajanis\Downloads\Node.js\node-v14.15.5-win-x64\node_modules\@angular\cli\models\command-runner.js
- C:\Users\rajanis\Downloads\Node.js\node-v14.15.5-win-x64\node_modules\@angular\cli\lib\cli\index.js
- C:\Users\rajanis\Downloads\Node.js\node-v14.15.5-win-x64\node_modules\@angular\cli\lib\init.js
- C:\Users\rajanis\Downloads\Node.js\node-v14.15.5-win-x64\node_modules\@angular\cli\bin\ng
See "C:\Users\rajanis\AppData\Local\Temp\ng-xDuJ1m\angular-errors.log" for further details.

rajanis@MSSPLLAP165 MINGW64 ~/Desktop/Angular.io/toh-pt0
$ npm install
npm WARN deprecated tslint@6.1.3: TSLint has been deprecated in favor of ESLint. Please see https://github.com/palantir/tslint/issues/4534 for more information.
npm WARN deprecated debug@4.2.0: Debug versions >=3.2.0 <3.2.7 || >=4 <4.3.1 have a low-severity ReDos regression when used in a Node.js environment. It is recommended you upgrade to 3.2.7 or 4.3.1. (https://github.com/visionmedia/debug/issues/797)
npm WARN deprecated request@2.88.2: request has been deprecated, see https://github.com/request/request/issues/3142
npm WARN deprecated debug@4.1.1: Debug versions >=3.2.0 <3.2.7 || >=4 <4.3.1 have a low-severity ReDos regression when used in a Node.js environment. It is recommended you upgrade to 3.2.7 or 4.3.1. (https://github.com/visionmedia/debug/issues/797)
npm WARN deprecated chokidar@2.1.8: Chokidar 2 will break on node v14+. Upgrade to chokidar 3 with 15x less dependencies.
npm WARN deprecated fsevents@2.1.3: "Please update to latest v2.3 or v2.2"
npm WARN deprecated har-validator@5.1.5: this library is no longer supported
npm WARN deprecated fsevents@1.2.13: fsevents 1 will break on node v14+ and could be using insecure binaries. Upgrade to fsevents 2.
npm WARN deprecated urix@0.1.0: Please see https://github.com/lydell/urix#deprecated
npm WARN deprecated resolve-url@0.2.1: https://github.com/lydell/resolve-url#deprecated

> core-js@3.6.5 postinstall C:\Users\rajanis\Desktop\Angular.io\toh-pt0\node_modules\core-js
> node -e "try{require('./postinstall')}catch(e){}"

Thank you for using core-js ( https://github.com/zloirock/core-js ) for polyfilling JavaScript standard library!

The project needs your help! Please consider supporting of core-js on Open Collective or Patreon:
> https://opencollective.com/core-js
> https://www.patreon.com/zloirock

Also, the author of core-js ( https://github.com/zloirock ) is looking for a good job -)


> @angular/cli@11.0.7 postinstall C:\Users\rajanis\Desktop\Angular.io\toh-pt0\node_modules\@angular\cli
> node ./bin/postinstall/script.js

npm notice created a lockfile as package-lock.json. You should commit this file.
npm WARN optional SKIPPING OPTIONAL DEPENDENCY: fsevents@~2.1.2 (node_modules\rollup\node_modules\fsevents):
npm WARN notsup SKIPPING OPTIONAL DEPENDENCY: Unsupported platform for fsevents@2.1.3: wanted {"os":"darwin","arch":"any"} (current: {"os":"win32","arch":"x64"})
npm WARN optional SKIPPING OPTIONAL DEPENDENCY: fsevents@~2.3.1 (node_modules\chokidar\node_modules\fsevents):
npm WARN notsup SKIPPING OPTIONAL DEPENDENCY: Unsupported platform for fsevents@2.3.2: wanted {"os":"darwin","arch":"any"} (current: {"os":"win32","arch":"x64"})
npm WARN optional SKIPPING OPTIONAL DEPENDENCY: fsevents@^1.2.7 (node_modules\watchpack-chokidar2\node_modules\chokidar\node_modules\fsevents):
npm WARN notsup SKIPPING OPTIONAL DEPENDENCY: Unsupported platform for fsevents@1.2.13: wanted {"os":"darwin","arch":"any"} (current: {"os":"win32","arch":"x64"})
npm WARN optional SKIPPING OPTIONAL DEPENDENCY: fsevents@^1.2.7 (node_modules\webpack-dev-server\node_modules\chokidar\node_modules\fsevents):
npm WARN notsup SKIPPING OPTIONAL DEPENDENCY: Unsupported platform for fsevents@1.2.13: wanted {"os":"darwin","arch":"any"} (current: {"os":"win32","arch":"x64"})

added 1459 packages from 1243 contributors and audited 1465 packages in 156.983s

83 packages are looking for funding
  run `npm fund` for details

found 0 vulnerabilities


rajanis@MSSPLLAP165 MINGW64 ~/Desktop/Angular.io/toh-pt0
$ ng serve --open
Your global Angular CLI version (11.1.4) is greater than your local version (11.0.7). The local Angular CLI version is used.

To disable this warning use "ng config -g cli.warnings.versionMismatch false".
Compiling @angular/core : es2015 as esm2015
Compiling @angular/common : es2015 as esm2015
Compiling @angular/platform-browser : es2015 as esm2015
Compiling @angular/platform-browser-dynamic : es2015 as esm2015
- Generating browser application bundles...
√ Browser application bundle generation complete.

Initial Chunk Files   | Names         |      Size
vendor.js             | vendor        |   2.41 MB
polyfills.js          | polyfills     | 484.62 kB
styles.css, styles.js | styles        | 345.10 kB
main.js               | main          |   8.64 kB
runtime.js            | runtime       |   6.15 kB

| Initial Total |   3.24 MB

Build at: 2021-02-10T07:28:07.789Z - Hash: 31353744532955184c8b - Time: 9672ms

** Angular Live Development Server is listening on localhost:4200, open your browser on http://localhost:4200/ **


√ Compiled successfully.
- Generating browser application bundles...
√ Browser application bundle generation complete.

Initial Chunk Files   | Names  |      Size
styles.css, styles.js | styles | 345.10 kB

4 unchanged chunks

Build at: 2021-02-10T07:28:09.266Z - Hash: 5add778fb88a907bbb5e - Time: 527ms

√ Compiled successfully.
